  [bars Singapore] feed=76 end_marker=False urls=76
  [cocktail bars Singapore] feed=58 end_marker=False urls=58
  [pubs Singapore] feed=116 end_marker=True urls=122
  [nightclubs Singapore] feed=69 end_marker=True urls=76
  [late night bistro Singapore] feed=100 end_marker=True urls=103
  [bistros Singapore] feed=114 end_marker=True urls=120
  [late night restaurant Singapore] feed=114 end_marker=True urls=120
  [24 hour restaurant Singapore] feed=0 end_marker=True urls=6

New places to scrape: 479 (cached: 0)
  [1/479] 0x31da1920b9065469:0x83f8538286144b5…
  [2/479] 0x31da19a5a0392567:0x248fe16111f0fd1…
  [3/479] 0x31da19d845214e93:0x8775e684212e6df…
  [4/479] 0x31da19f4703ca001:0x8d61d9bb106b1ea…
  [5/479] 0x31da19f4538f252b:0x5daa82d28fc7018…
  [6/479] 0x31da190d388c7df7:0x56e940a72c07469…
  [7/479] 0x31da190aee6c5365:0x59bae3af2ea726d…
  [8/479] 0x31da190d061da0df:0x41672a5a407459b…
  [9/479] 0x31da19b0fadacbe1:0x421886bcb660e68…
  [10/479] 0x31da198d84a8766d:0x5a466a0965b6484…
  [11/479] 0x31da19b9960634c9:0x353a8c0b3132713…
  [12/479] 0x31da1934aacf802d:0xe4adbe4ae7e6168…
  [13/479] 0x31da191c19047ae3:0x8ad8e922c55ed73…
  [14/479] 0x31da190a129e0dcd:0x2545037488cf1d4…
  [15/479] 0x31da1938e5a0fc6d:0x52c65bb6818dc97…
  [16/479] 0x31da19a5b8117caf:0xcacb3659e2afcde…
  [17/479] 0x31da1996cc5e4153:0x7d68f3894cfdb08…
  [18/479] 0x31da1160ca317cc3:0x849eb0e9795499a…
  [19/479] 0x31da19b066f8cac9:0x1a822ab9ded2529…
  [20/479] 0x31da1985849fee1b:0xdad9016b81ae5ae…
  [21/479] 0x31da1942b6c16f47:0xea70e4c1f1100ee…
  [22/479] 0x31da19e6f1bf1557:0x130089c028ea3ca…
  [23/479] 0x31da198bb197e287:0xec005ec6232f9db…
  [24/479] 0x31da1996cb3f8cc9:0xe84698aeb66591e…
  [25/479] 0x31da190d64539b79:0x3bd8a2fabc3d657…
  [26/479] 0x31da190eb01e2c99:0x5dcafd2f162dbbf…
  [27/479] 0x31da1111ab77f5a5:0xb3d72a6b7e74b3d…
  [28/479] 0x31da190a12e845cb:0x53225213f4c2325…
  [29/479] 0x31da19e4451779f3:0xd642df3a5256865…
  [30/479] 0x31da19007888347f:0x78a10c021be2fdc…
  [31/479] 0x31da19ff963821f5:0x53270418cb39cbf…
  [32/479] 0x31da104ee3511113:0xdffd4105ebd7e20…
  [33/479] 0x31da190029eca489:0xab38df0f845a640…
  [34/479] 0x31da196d8de40db3:0x32419f831e22834…
  [35/479] 0x31da197a81f146cf:0xfce55cab6c03c7c…
  [36/479] 0x31da192f9272157f:0x1625902ff1ac4b7…
  [37/479] 0x31da1bf0a80291b3:0xb1ecb48fc6e4574…
  [38/479] 0x31da19a35247fc95:0xd11964bc04b4aaf…
  [39/479] 0x31da0f86b7173e1b:0x9d983dbdf9ac2fc…
  [40/479] 0x31da19d19d193025:0x22dde02ebec2b3b…
  [41/479] 0x31da19a933bccaa1:0xa18246556acaf7d…
  [42/479] 0x31da197661df5baf:0x4cbedea855a9966…
  [43/479] 0x31da1926126de753:0x53240ee7d7b6ccb…
  [44/479] 0x31da1bf27f3f8371:0xbdaa2cde1e2875e…
  [45/479] 0x31da1993c8db0345:0xefc447cfe6f168e…
  [46/479] 0x31da11c5d46d613d:0xd801440b129162d…
  [47/479] 0x31da19ed987aaaab:0x133fc262eb53a85…
  [48/479] 0x31da199d6cd14387:0x334a9162ea0ab5a…
  [49/479] 0x31da19a4ac36a34f:0xd814ae6594c360f…
  [50/479] 0x31da19362518a40f:0x5e4ade08376261b…
  [51/479] 0x31da19a03d9d6b8d:0x94d4618a8759f37…
  [52/479] 0x31da1996d05c9d45:0x70810a572801f5d…
  [53/479] 0x31da19306ea7eda7:0xc2a7366d284b59a…
  [54/479] 0x31da19f80295a7fb:0x255dc8273cb0675…
  [55/479] 0x31da19e73e4f3def:0x78109381939f408…
  [56/479] 0x31da19fb8f3754e1:0x418331c3e99cea1…
  [57/479] 0x31da19ad1c34e1cd:0x183eb853e252817…
  [58/479] 0x31da1b54b51b7ecf:0xdb577951653ae01…
  [59/479] 0x31da190d000c726b:0xbf4dc480c93125a…
  [60/479] 0x31da19a5fc75927f:0x4f8ac9c25f86608…
  [61/479] 0x31da11daff2a7377:0x7fc91ed0b90395d…
  [62/479] 0x31da197d61ec09b5:0xa17a48fe4c780a5…
  [63/479] 0x31da190017e446ff:0xcfc91b7a1e23fbf…
  [64/479] 0x31da196b5c6d3d89:0x313fd67c70a670c…
  [65/479] 0x31da19f0b7c77265:0xea6ed1995ac79e1…
  [66/479] 0x31da19bacb5a7809:0xaa06a22c438aa79…
  [67/479] 0x31da194580611ddf:0x7447f395bdb5eb8…
  [68/479] 0x31da198039d6e255:0x95d3313221b3e18…
  [69/479] 0x31da19b197740dff:0x880da95b4232539…
  [70/479] 0x31da1973e711e55b:0xa1095a94b1678d0…
  [71/479] 0x31da196928cdddf1:0x46f383ae6d55baf…
  [72/479] 0x31da190c2ad6841b:0x455682888e2d62d…
  [73/479] 0x31da195ff1323fbd:0x9c41c9387c879f3…
  [74/479] 0x31da1725f4065fc5:0xf18a12e3eb7a260…
  [75/479] 0x31da198cf352e433:0x1a8a2b159748327…
  [76/479] 0x31da19d75b1eeb07:0xc6f8287edf0db8e…
  [77/479] 0x31da197dbd543cbd:0x631eb4f87921534…
  [78/479] 0x31da19de82978b85:0xc32ec6dca4ad42b…
  [79/479] 0x31da19da154fa063:0xa7687e13a5c6aa1…
  [80/479] 0x31da19bec4199031:0xdb7843cfb14c90d…
  [81/479] 0x31da19963cdecdf7:0x1f01bc4d6a92b7d…
  [82/479] 0x31da19ae49580661:0xaed1fd25345020f…
  [83/479] 0x31da19ea9745a08b:0xf58982a852f9035…
  [84/479] 0x31da19886e542a45:0xa39d7a2e988efba…
  [85/479] 0x31da1912c6876dc1:0xd83c140997acfb3…
  [86/479] 0x31da1b9d85ff17f5:0xf93f4d91e98701c…
  [87/479] 0x31da190bdb71be0d:0xed1beb1436b876a…
  [88/479] 0x31da198cb66f9bf9:0x35e0eb0f251a2cc…
  [89/479] 0x31da190bc8336b51:0x1bc56f46da8526c…
  [90/479] 0x31da1876475f512f:0x94db7d680fafbf6…
  [91/479] 0x31da190bc81cca9f:0xa85074372f62d00…
  [92/479] 0x31da11abf17156e5:0xf0fa6df01bbf8f9…
  [93/479] 0x31da11b3ff4da389:0x570efba2dcb40c8…
  [94/479] 0x31da190967271c1d:0xf7c93a1930a09a3…
  [95/479] 0x31da1a6b958c754d:0x3dcc32df1724b50…
  [96/479] 0x31da199f82835bcf:0xad478ebeaeff532…
  [97/479] 0x31da1726701488d5:0xc1158888ab64d3d…
  [98/479] 0x31da1954f7202a51:0xefd2e58228ff480…
  [99/479] 0x31da173a5ab669c3:0xdf656d85acf7e0c…
  [100/479] 0x31da1131f0122a03:0x9f36db3ce936ac3…
  [101/479] 0x31da19a995297899:0x977949b7bf602de…
  [102/479] 0x31da19d9336c5545:0xcca3030fb7f07ae…
  [103/479] 0x31da19b1ae686f7f:0x7bca00917c60f20…
  [104/479] 0x31da16d1c9cc20a1:0x6ad73c82bf35323…
  [105/479] 0x31da195fcec7dc67:0x956a907a1b36774…
  [106/479] 0x31da17c62b4cc041:0xaf41ef077bba25b…
  [107/479] 0x31da1a6b9154d625:0x6bc2e337f61ed81…
  [108/479] 0x31da1b682a6a8267:0x7adaf89c87b3e33…
  [109/479] 0x31da19bef141f03f:0x2e7dfbd24767bdf…
  [110/479] 0x31da190dd9690d0d:0x215c66f198d50d1…
  [111/479] 0x31da100bda962127:0xb9c4e7bd68db677…
  [112/479] 0x31da19aacc509d89:0xe303c7813fcfe3f…
  [113/479] 0x31da196d97ab6b7d:0x192ea5339324a4c…
  [114/479] 0x31da10af89f2fec9:0xa7cbdd0f75b6b86…
  [115/479] 0x31da10ecaa085d95:0xefda11f1fbf84df…
  [116/479] 0x31da19a0469589f7:0x56d01332e5318d0…
  [117/479] 0x31da19f5ff394a2b:0x38efbad62be748b…
  [118/479] 0x31da16d1bb00136d:0xa58cb4157295d0f…
  [119/479] 0x31da19922de66db7:0xdd42766c17d0a1e…
  [120/479] 0x31da19e9ed794741:0x13b2a86bea006fe…
  [121/479] 0x31da19bca2ddeb3d:0xa29bdd602830375…
  [122/479] 0x31da107566d108d7:0xc7620f6771e1c8e…
  [123/479] 0x31da199719f859ab:0xa2ce2dc9428fdf9…
  [124/479] 0x31da19e8096a04b3:0x25ca80e78f8f9ef…
  [125/479] 0x31da190bb543efb3:0x942f8dd8f0f1d51…
  [126/479] 0x31da1872c26e52d5:0x867865fb2938e91…
  [127/479] 0x31da183e7c04019f:0xd0ea92f0891878a…
  [128/479] 0x31da190bc88e47e1:0x814fd3da37809f0…
  [129/479] 0x31da17d91ae52957:0xf3850f5547f54e6…
  [130/479] 0x31da17aee4e43e0b:0x8f0d80f4a5912d2…
  [131/479] 0x31da196cafaa36db:0x125dd7fae31caec…
  [132/479] 0x31da19163a3797b3:0xb8666d687145fd6…
  [133/479] 0x31da19d6724b9a71:0x381579b937777c0…
  [134/479] 0x31da1996cb3f8cc9:0x6a5bc0c8d73844c…
  [135/479] 0x31da17778eb00875:0x8d008dc586a68b7…
  [136/479] 0x31da176389fb4a97:0xc5e0c92fc292d89…
  [137/479] 0x31da19a020670f99:0xa5c41417948b323…
  [138/479] 0x31da19cbeaaea64b:0x3ee295e3fba7cfc…
  [139/479] 0x31da173a3703d6f1:0x71142b58ebb267a…
  [140/479] 0x31da19a383c2f19b:0x43f671368eccce7…
  [141/479] 0x31da190982694b41:0x285a2fe2a243e27…
  [142/479] 0x31da17de7c00b7cd:0xcee43f6826e985a…
  [143/479] 0x31da1978ecdc8583:0xaa621dbe7ac15c0…
  [144/479] 0x31da17b585d3a24f:0x8e82f62a14ad0f6…
  [145/479] 0x31da19d70d848045:0x5e743ddb7a3aca4…
  [146/479] 0x31da19da62840389:0x95c1641c0bd5a9a…
  [147/479] 0x31da1937421df3e9:0x4eaf11d930e9191…
  [148/479] 0x31da173aebbabfa3:0x2a4d3e4899be409…
  [149/479] 0x31da19a0305e11af:0x5f9b69e7bc4b3b9…
  [150/479] 0x31da115480eee7f3:0xe76d9be6f02d4fe…
  [151/479] 0x31da1700480eff99:0xb1e2e7c7815de72…
  [152/479] 0x31da19c81ff8ffb7:0x15ff1e16d3c7922…
  [153/479] 0x31da193e5c3c5ad5:0x3f5197e43928141…
  [154/479] 0x31da196d62a38e3d:0x559e120777a271a…
  [155/479] 0x31da198d629b66d9:0x3e96e4bd2921a76…
  [156/479] 0x31da19b6dd167beb:0xbfad2168576ad31…
  [157/479] 0x31da17f227a1eb25:0x5701aa211d98291…
  [158/479] 0x31da197330eaf5ff:0x3d9e12ba731d282…
  [159/479] 0x31da19b50e73235d:0x18059aa91808f49…
  [160/479] 0x31da1812667dba0b:0x29d534fd98c97e6…
  [161/479] 0x31da11ea74c11f89:0xbef284142f2da3c…
  [162/479] 0x31da19b04ed6e85d:0x51b071a8044c560…
  [163/479] 0x31da1977e2531b09:0x4cf70e9c481ffab…
  [164/479] 0x31da19dbbcfbbcb3:0x24164bd33c32d78…
  [165/479] 0x31da190030e261a3:0xa3e0f55cfdde06f…
  [166/479] 0x31da19ff85896b37:0xa1605bd931e72fa…
  [167/479] 0x31da1992c29d53fd:0x75cf17add2a6c23…
  [168/479] 0x31da1904a16a35c3:0x80814be8ccbf655…
  [169/479] 0x31da194bed659dcb:0xaea96488950b759…
  [170/479] 0x31da198cd02537dd:0x362035cb0011abf…
  [171/479] 0x31da190032c16907:0x67bbef0be08b449…
  [172/479] 0x31da190a4144f8e7:0x137d88e56dfc7fe…
  [173/479] 0x31da198cd02537dd:0xba7278897ca2ff9…
  [174/479] 0x31da192c7342ae7b:0xb47f7976975f651…
  [175/479] 0x31da19b4c567c173:0xf30f5a1f8e7eafc…
  [176/479] 0x31da19cfa497ac5b:0x9db453b1c55c49d…
  [177/479] 0x31da19553ab1edcd:0x87cd6b712175f9…
  [178/479] 0x31da11520aca757f:0x2b92b5bcfcbac4d…
  [179/479] 0x31da1996f2f6ee99:0xec3d7fdb0e7752c…
  [180/479] 0x31da192b4181e901:0xd50f58b82e7e593…
  [181/479] 0x31da1975aaf68b63:0xc5bed426128916f…
  [182/479] 0x31da17295e04644f:0xc4e0c43d54798a6…
  [183/479] 0x31da176a4fc4f527:0x37098f4cefbb009…
  [184/479] 0x31da1038fe8ec7e5:0xa8411aca4fbf81c…
  [185/479] 0x31da19ead15d1bef:0x3c9ba4741c91ff6…
  [186/479] 0x31da11c07ec00001:0xd636ede682dda90…
  [187/479] 0x31da10eb4bb1c3dd:0xe398743594d0dac…
  [188/479] 0x31da11bf87e4d709:0x6f94544d54eca89…
  [189/479] 0x31da11b35686ffab:0x47c341862dbf8bb…
  [190/479] 0x31da190a129e0dcd:0x73a1413d30fc2a5…
  [191/479] 0x31da10930c262a0d:0x1b7c4b62cccd9ee…
  [192/479] 0x31da195a3120bd2f:0x7eb73de419daec5…
  [193/479] 0x31da1975c477bfd7:0x554c2c109a6a80…
  [194/479] 0x31da11c07edc8925:0x8ab30e9c2b8290c…
  [195/479] 0x31da19a3811e2b47:0x97ed7a5b43529d4…
  [196/479] 0x31da194a5c31efbd:0xe70f7c2f75db38f…
  [197/479] 0x31da1906effe7205:0xbb06415bd2cadbe…
  [198/479] 0x31da11e711f9bcf1:0xbb2e748bbf75972…
  [199/479] 0x31da1958a2b33fbd:0x640f589255cff97…
  [200/479] 0x31da110076fd759b:0xaf1539b48ace6b9…
  [201/479] 0x31da11f1a1fb0aa9:0x2ea8f5783e05f11…
  [202/479] 0x31da19f2af8d461b:0xc9315a52866b5c4…
  [203/479] 0x31da190440e93599:0x34732a2397ec656…
  [204/479] 0x31da198cb36f9abd:0xadb12309aad143a…
  [205/479] 0x31da19888bbc7375:0x27eee9790cc3309…
  [206/479] 0x31da19f92b228ad3:0x797941a12608d9c…
  [207/479] 0x31da11ea23a72495:0xe21be1cecc5f5c6…
  [208/479] 0x31da190ea211c1b3:0xd518ffed3dd978b…
  [209/479] 0x31da10abda657c3b:0x40b4c57106ba3f1…
  [210/479] 0x31da11e9c22bbd0f:0xc03ae6ef0b967b1…
  [211/479] 0x31da1955e08469b3:0xc53354ae4c27750…
  [212/479] 0x31da1988116e8651:0x2635bbebbd55b91…
  [213/479] 0x31da110070ae48c3:0x9996edc83f88638…
  [214/479] 0x31da1977e3fcb2e1:0xde9cc7079d148ad…
  [215/479] 0x31da11e9e975e381:0x8d9e560f1c4efcf…
  [216/479] 0x31da19665982e129:0x5ff88ccb012fbd1…
  [217/479] 0x31da194c0b75268d:0x6d7acdafd94178b…
  [218/479] 0x31da193303d167c7:0x4cbd03f4209c456…
  [219/479] 0x31da19f7aed2938f:0x479be5aff39613e…
  [220/479] 0x31da11b76e860b37:0xe5d39276d71a178…
  [221/479] 0x31da1918fbc69ddf:0xf4fcc54d80437d8…
  [222/479] 0x31da11bd6e5b8eb3:0xac5a1d51f7911cc…
  [223/479] 0x31da19a2f81cce53:0xf1a28739e19afb2…
  [224/479] 0x31da199d17b277c9:0x8367dbd27600252…
  [225/479] 0x31da199d00000001:0x6b1aa51d9ca459f…
  [226/479] 0x31da19af96e75e3d:0xfb14aab5255de74…
  [227/479] 0x31da115710c46a81:0x469472ea458357c…
  [228/479] 0x31da113f739c7ec9:0x3488fc9aab19eee…
  [229/479] 0x31da1974d3c42a61:0xfb420080e7544ac…
  [230/479] 0x31da19b47b817659:0xf674b3d28f5d4f3…
  [231/479] 0x31da124997d2ef75:0xedda72683ad8216…
  [232/479] 0x31da1b87d8c1ec37:0xa92a2ce9599c970…
  [233/479] 0x31da191be0bd253b:0xafd61482e96525f…
  [234/479] 0x31da0ff7fb127cf5:0x9c1bee8e9bf8e8e…
  [235/479] 0x31da1bd18c745725:0x809aa112d6b64ee…
  [236/479] 0x31da19df526124d7:0xb863fd867ff28f4…
  [237/479] 0x31da13a1a0ebe073:0xc8da2f0f341f13d…
  [238/479] 0x31da19bc97d596fb:0x92ca161e87f9c9a…
  [239/479] 0x31da1784f346f587:0xae997a45033cb3e…
  [240/479] 0x31da116aa7c3cee3:0x8a35894833735d4…
  [241/479] 0x31da19c847ac0241:0xc9e304bc2cf93ce…
  [242/479] 0x31da191d863e0677:0xa2637872f82fb8a…
  [243/479] 0x31da3d80169c044f:0xee34ee03ca3c5b7…
  [244/479] 0x31da199dc36da211:0xd799501d6b38496…
  [245/479] 0x31da1996e4d61b99:0xf8fa82c424cd6da…
  [246/479] 0x31da195fea12a8ed:0xdc5e4a504980c6a…
  [247/479] 0x31da1923ec9b9e29:0x7b508d3fb3198d1…
  [248/479] 0x31da196d28cc7139:0xfb41f6dab75a94c…
  [249/479] 0x31da19f4a117f019:0x6d8bb483c5f7278…
  [250/479] 0x31da11001e2ec405:0xba99c7bca70f466…
  [251/479] 0x31da1a224cd0312f:0xf1e5ed6e03f71b4…
  [252/479] 0x31da19ad86b22cab:0xd9ae3ab527943ff…
  [253/479] 0x31da1919fe4a06e9:0xb312b50f15483ad…
  [254/479] 0x31da175343d8336b:0xe1f74f2dde8dc54…
  [255/479] 0x31da11831fc84381:0x4b4a60f7c632ef7…
  [256/479] 0x31da3d1d52aacc3f:0x4412160a71f7ee4…
  [257/479] 0x31da1974d78fe685:0x6bd478f60cef80f…
  [258/479] 0x31da19bb16b239c9:0x60e1ab2617739ff…
  [259/479] 0x31da1320c64617a5:0x8fdd0fd2ae126a5…
  [260/479] 0x31da175bcaead1f3:0xb107b0c4e297ea6…
  [261/479] 0x31da19b0a9f774b1:0xd2d5ee135a95b1d…
  [262/479] 0x31da1917b7d62957:0x8ee5758c44e8aa7…
  [263/479] 0x31da193e6e13105f:0x5969128bb2bc0e0…
  [264/479] 0x31da17957106fd79:0x250aa3ee12e40a0…
  [265/479] 0x31da230052134901:0x5ffaa4efcf28fc5…
  [266/479] 0x31da13ffeef195e1:0x9803ab68255afd7…
  [267/479] 0x31da190da6c74217:0x7f3525b5a492413…
  [268/479] 0x31da1766ce923bff:0xeed5802469fc7d5…
  [269/479] 0x31da197fde29da3b:0xc892e251e54f9b9…
  [270/479] 0x31da15ec26a624db:0xf07a4957b919469…
  [271/479] 0x31da1bd3d39767dd:0x8b95a2f783d01d9…
  [272/479] 0x31da192f73b5b92f:0xe4ce11d6aca8d61…
  [273/479] 0x31da3ddec1389801:0xd3e9cc9ef496499…
  [274/479] 0x31da192675d9ffc5:0x8cc286ee71d2705…
  [275/479] 0x31da176b83400001:0xb49c31779767af6…
  [276/479] 0x31da173ddc132c13:0xf36f179a14d410f…
  [277/479] 0x31da1b73ba766ac3:0xa9a9170fd29c933…
  [278/479] 0x31da1775f5b54e51:0x504837f0ebafc2b…
  [279/479] 0x31da1a86ae491d03:0x536a395724362bc…
  [280/479] 0x31da137f3e96a023:0xe15131daa5150d3…
  [281/479] 0x31da16d865217d35:0x9f6b21d9869fd00…
  [282/479] 0x31da19684fabb985:0xc93a06047c2aca7…
  [283/479] 0x31da197262439f2d:0xb324b3b59b409d4…
  [284/479] 0x31da1968f98d6d85:0xa26138f9e75170f…
  [285/479] 0x31da19aa466d05b7:0x23ce4bd9ae4d381…
  [286/479] 0x31da13d85743d333:0x8c60fd0347a8860…
  [287/479] 0x31da1ba51b95ff9f:0x8c1ac2773727947…
  [288/479] 0x31da19b43240e2b5:0x4a1f3af8133056c…
  [289/479] 0x31da3df814245f0d:0x6cdfbc94e764e92…
  [290/479] 0x31da190d2f8e189f:0x4dd7ed1dd10f6c6…
  [291/479] 0x31da19e9f1ff1bef:0x9811f49e1a5cf48…
  [292/479] 0x31da198bb6a0383d:0xb6ed4a99d226b5a…
  [293/479] 0x31da10994a40ae9d:0x31d59a76eefccdc…
  [294/479] 0x31da0f1375cbb7c3:0x87ff260214b1812…
  [295/479] 0x31da0fdcdda56a21:0x8fe19fe76f1f5ad…
  [296/479] 0x31da19b8f0d85131:0x5d68698e889fb03…
  [297/479] 0x31da16ffb1490f9f:0xbd8f3f4260653b0…
  [298/479] 0x31da19c91950d7e1:0x6578fcfc8003836…
  [299/479] 0x31da19e476307d79:0x5b54ef332b4a7c8…
  [300/479] 0x31da1976709712c1:0xa4cda09b0f95374…
  [301/479] 0x31da199bff73a931:0x50cb87672fc07ce…
  [302/479] 0x31da190bcfef1d0f:0x6d2e614b2f5327e…
  [303/479] 0x31da19b334fb9e33:0x13658002c82a3c1…
  [304/479] 0x31da176d3eee64ab:0xe58d50df9d2c807…
  [305/479] 0x31da190bafb76501:0x1adaa3b0c308be1…
  [306/479] 0x31da19c5ae4f8f0b:0xdafd2b4ea0ccadc…
  [307/479] 0x31da191d8f5c0beb:0x25047850447d8a8…
  [308/479] 0x31da19b9351370b1:0x96e4571c398dc47…
  [309/479] 0x31da19c7c8d90751:0x103fcda8f028237…
  [310/479] 0x31da19c7c2daf0e7:0x51459b6df6af943…
  [311/479] 0x31da19c76340de29:0x32c70846ecb64df…
  [312/479] 0x31da199c346a2d53:0x3ca0b3c1fca4af1…
  [313/479] 0x31da19d1f1ef72fd:0xdbef72d7672307b…
  [314/479] 0x31da172e96b304db:0x7f1cb89d0bab64a…
  [315/479] 0x31da11e762396b63:0xbf723e9a57ef0d8…
  [316/479] 0x31da11a649bbba9b:0xdcd87b68621ad15…
  [317/479] 0x31da192d96087ccf:0x6abe692aa1a7b42…
  [318/479] 0x31da191406245d11:0x43c24af01b84d02…
  [319/479] 0x31da198d6d839c47:0x41eac3fd63c0e7f…
  [320/479] 0x31da196d1a0099af:0x3b28350ace7b664…
  [321/479] 0x31da19ca1be4ae3d:0x1198d9cd0b6d6ad…
  [322/479] 0x31da198a60360193:0x2bd422fc6e3710e…
  [323/479] 0x31da1900780f05e1:0x328ec5125d60bd9…
  [324/479] 0x31da10d49b6342bf:0x79e71f0cc41549f…
  [325/479] 0x31da19001e6b38f3:0x38d0fb575344aa0…
  [326/479] 0x31da23449b7ee401:0x726c21456c9a8cb…
  [327/479] 0x31da1a7d1ee3eb17:0x2a71ab0bfb529ba…
  [328/479] 0x31da11341c618e75:0x2ccae364801e573…
  [329/479] 0x31da1053aa51e4ed:0xcf50f5c47e64ff8…
  [330/479] 0x31da19eac3571a13:0x6bc2935f30d2e40…
  [331/479] 0x31da19a9b6cb0ba1:0xf48a1a8f9f59e52…
  [332/479] 0x31da196ca02fcb85:0x53a58b02fcb18f4…
  [333/479] 0x31da1053aa50898d:0xc66016df5379353…
  [334/479] 0x31da19b8a14935f7:0x7f56756285d2904…
  [335/479] 0x31da19a56d49ed37:0x40bfafc48f07462…
  [336/479] 0x31da19727bdcccd9:0xe40f1103b4fd16b…
  [337/479] 0x31da195465673ab9:0xdffaefd54383278…
  [338/479] 0x31da19e61f08563f:0x5480b74e8db6605…
  [339/479] 0x31da19f47b96e5d5:0x93192d4be4149ec…
  [340/479] 0x31da11ff21bb7479:0x24bd0f29ad547ad…
  [341/479] 0x31da173595236efd:0xd3d22733dea3c04…
  [342/479] 0x31da1063d334b873:0xac91819027db1b0…
  [343/479] 0x31da19c249567e9f:0x673be2d2e699985…
  [344/479] 0x31da1a23240032d5:0x68ae8ce00fd9044…
  [345/479] 0x31da19af06e635cd:0x4b39b5566843400…
  [346/479] 0x31da190bfc081427:0xb8c19992be9a12b…
  [347/479] 0x31da190d2434f255:0xd4df01220224a92…
  [348/479] 0x31da1b26e2da89a9:0x379bd0ba77433a8…
  [349/479] 0x31da176966e1afa7:0x74c796072e19354…
  [350/479] 0x31da11db70ae4d63:0xec99b5a60599417…
  [351/479] 0x31da19b99fefc38b:0x945080f37025588…
  [352/479] 0x31da19af68ff02f1:0xa584eae02856f2a…
  [353/479] 0x31da11d8dbc257d5:0x91a3b02e10adab5…
  [354/479] 0x31da1190392db0c7:0xc122050ff892509…
  [355/479] 0x31da19d7caeaa30b:0x648b30e147c6c5a…
  [356/479] 0x31da1a3d4ac9506f:0x31b365da9167865…
  [357/479] 0x31da10930c262a0d:0x2d0f396ed2c5bf5…
  [358/479] 0x31da1bcccce0e7ef:0x5ef5d81e73e5cf5…
  [359/479] 0x31da190f02be1749:0x548de834a071f0e…
  [360/479] 0x31da198cf1020615:0xa421bbb6591c8b0…
  [361/479] 0x31da103daa4d6ad7:0xe73c28ea8b8967a…
  [362/479] 0x31da109ed6990cc1:0x3e3fb7d25ec9fff…
  [363/479] 0x31da17f0c5db4b63:0x3de7a1490828ba8…
  [364/479] 0x31da17b54515f1cd:0xcbd973ca2ed19e7…
  [365/479] 0x31da08b4b822fd3b:0x8068fb9034e2c09…
  [366/479] 0x31da11d567791bc1:0x447d60a39b2d1e9…
  [367/479] 0x31da172cf0f87f7d:0xfc7584a4f4b0bac…
  [368/479] 0x31da11b01ace9bd1:0x875627d26db2d1c…
  [369/479] 0x31da187089983b5d:0xbc61f0626a10239…
  [370/479] 0x31da193930782da3:0xc3a78ff59509bf4…
  [371/479] 0x31da19af8ba0ed5d:0xb1fc72f334e846a…
  [372/479] 0x31da16d555555311:0x87151afaf12e1e5…
  [373/479] 0x31da3d4e99836eb3:0x7d0a19b791674ba…
  [374/479] 0x31da1038fa5a18f1:0x2fd12f9efe40db3…
  [375/479] 0x31da198d6d839c47:0xb9387abec42c67e…
  [376/479] 0x31da1095a375f7c1:0x489cbc60e3ec462…
  [377/479] 0x31da196d66892a49:0xa556409c36f74a3…
  [378/479] 0x31da1becdc5db0cf:0xcfd0426ec0557b6…
  [379/479] 0x31da190d7c79eeaf:0x50d329e1f72bbe2…
  [380/479] 0x31da11477fe96839:0xbc275eddd0ccecf…
  [381/479] 0x31da176013b48bff:0xc8e20bfbcf9b86d…
  [382/479] 0x31da198026003acd:0x1f8d8af65ca3f82…
  [383/479] 0x31da1a0f98b7c04d:0xdd149b2ec5b5fef…
  [384/479] 0x31da1996bfc42039:0x75865b4c764b2a0…
  [385/479] 0x31da1bd33bcbe043:0xc53a2baed40fa67…
  [386/479] 0x31da198a2e8404e1:0x6b4a381a7080b47…
  [387/479] 0x31da17d4668f05ab:0x15dcc2ff25c93fe…
  [388/479] 0x31da19c0fbfe1fa5:0x695ab15d5ea3b00…
  [389/479] 0x31da11b83d4978d5:0xa8c94af69fbf9d1…
  [390/479] 0x31da11d54dd1b999:0x530ce0086303c93…
  [391/479] 0x31da117e8cd0cce7:0x63c27e20b775e70…
  [392/479] 0x31da19a67e1cda67:0xbcb02ae2c4565ec…
  [393/479] 0x31da194f3d321da3:0x8dda776f468fa71…
  [394/479] 0x31da1bdc4e6747ff:0x246b2778de90892…
  [395/479] 0x31da19a9b0062087:0x89bff20918842d3…
  [396/479] 0x31da192a2e65f5fb:0x42aacaf48796475…
  [397/479] 0x31da19a2f74116cd:0xc4370f8cb9d03f1…
  [398/479] 0x31da1b42eaefa5a5:0xc9d2b6a5d4ad1d6…
  [399/479] 0x31da11be9b2e6d95:0x6a42f8647e481f2…
  [400/479] 0x31da11ab3fadfe3d:0xefc7f0e35611dab…
  [401/479] 0x31da1999266119a7:0xcaf133f88dc80ce…
  [402/479] 0x31da104ef8cc69bd:0xd0d0a51bd71cc1a…
  [403/479] 0x31da118590667e31:0xcb864e89584e2ff…
  [404/479] 0x31da19a4696c9191:0xf3de06277929023…
  [405/479] 0x31da19a10d58cbe1:0xfe2123698d21169…
  [406/479] 0x31da19e03fdc9957:0xd5589893ef4363d…
  [407/479] 0x31da19c85bbbe5d1:0xbbbb610a6aa8654…
  [408/479] 0x31da196f62183517:0x201cdcc7ab2388b…
  [409/479] 0x31da197742ba1a45:0x63cef72f7f19cb6…
  [410/479] 0x31da196d846b62e9:0x33f2f4b00e5bd51…
  [411/479] 0x31da19b1a798a7f1:0xf1b780b82e11f4d…
  [412/479] 0x31da196d8dfe3df5:0xb586c57168be44b…
  [413/479] 0x31da19183248acb7:0x8758b611d4e2386…
  [414/479] 0x31da1bc6e27dcc6d:0x5e3901ebeb3ecfc…
  [415/479] 0x31da19be904b5f4f:0x62de1787837fb0b…
  [416/479] 0x31da193a3d36f20f:0xa8d55262822e6ce…
  [417/479] 0x31da19757b5fe0d9:0xce0b3ddd0be8b55…
  [418/479] 0x31da11c453f85c3d:0x7562597f64d7946…
  [419/479] 0x31da1911a0af37d3:0x545f5c292d13e6f…
  [420/479] 0x31da1996c63db411:0x46b485adf1c81ac…
  [421/479] 0x31da19ea8e87f58f:0xd6655a65655c4b8…
  [422/479] 0x31da192cc163f9a7:0x5f983ac846eb710…
  [423/479] 0x31da1958beb987f3:0xa44140a4a11e94c…
  [424/479] 0x31da19a85793a7b7:0x8f7b9e43d7ae7fc…
  [425/479] 0x31da1991747247f1:0xa4aeb01c372fb4e…
  [426/479] 0x31da19e98b7b89cf:0x76e99b88e2274fd…
  [427/479] 0x31da19ef3bcc7d3f:0xffb948e47cb26ff…
  [428/479] 0x31da197280f0cf7b:0x927ef8d48e2676c…
  [429/479] 0x31da19a05a7a94c3:0x2db0f7c5cc41c10…
  [430/479] 0xa713c08380415a63:0x4bf54fefa9bf991…
  [431/479] 0x31da199ddfe3ce95:0x170bc97656485d7…
  [432/479] 0x31da19c5a60b6715:0xc335bbe998b0ac1…
  [433/479] 0x31da1911a26aaaab:0x13afbe543ee06c0…
  [434/479] 0x31da196d66892a49:0x716ef7911d8976b…
  [435/479] 0x31da1912d2a3908d:0xb6d7eddabe78fe1…
  [436/479] 0x31da1a087d300b7f:0xbddf80318d12bff…
  [437/479] 0x31da179ea2ea8925:0xd8c9d889dca3b0b…
  [438/479] 0x31da196b5f0e9a29:0xca0b5215c859a84…
  [439/479] 0x31da1908e6c65fbb:0x94f417144978b2f…
  [440/479] 0x31da199db6802b85:0x364e68b7b45b8d4…
  [441/479] 0x31da19db995822eb:0xd47a2b1bbbd4ff2…
  [442/479] 0x31da196d5a66549b:0xf798e806cca1cb5…
  [443/479] 0x31da17279b30371f:0x4e88ba45013c85a…
  [444/479] 0x31da19a02f30ca4d:0xe2c830682cafd54…
  [445/479] 0x31da198cf11625b3:0x906702930dd4a01…
  [446/479] 0x31da199d6b0ff51d:0xcfefdfe5e4e69b1…
  [447/479] 0x31da19e03cecfaf3:0x19e424959c4811…
  [448/479] 0x31da196da0a70643:0x1cef2c4953bcafb…
  [449/479] 0x31da0f324ed4aaa3:0x9875104dc2e7150…
  [450/479] 0x31da19c406fceb4b:0x90074bd75b66ba4…
  [451/479] 0x31da1a6b1a3b369b:0xb4af75ad96f4fa2…
  [452/479] 0x31da15d32c2cbafb:0x439659cc6b10a1c…
  [453/479] 0x31da190efd500001:0xa1be7dcade82cc1…
  [454/479] 0x31da19a5f146b981:0x4720bd8dc800f79…
  [455/479] 0x31da1911baee24fd:0x57dd205f579159b…
  [456/479] 0x31da1a06e12483bf:0x6ea52fe268dc699…
  [457/479] 0x31da1908ea47359b:0x44b92fea10dcc94…
  [458/479] 0x31da198d7e640f87:0xffc0dc66034cf04…
  [459/479] 0x31da130075894847:0x2d18f8684a371fc…
  [460/479] 0x31da1999a67508cb:0x141261228058f2a…
  [461/479] 0x31da10339ad21ef1:0x9063a5a0156f859…
  [462/479] 0x31da1bfdc41d2a27:0x8f3d8dff2bfa0bb…
  [463/479] 0x31da119293f4c46d:0x6e015a6a30b7442…
  [464/479] 0x31da1905d4afeb79:0xe61cf793ca1d93a…
  [465/479] 0x31da19666c94bb3d:0xa6cef0b1fac7e47…
  [466/479] 0x31da171b16119363:0x91551e606586e88…
  [467/479] 0x31da103bf9f85311:0x7bfc1c7e174d828…
  [468/479] 0x31da19df46c104ef:0x225f40353698ef4…
  [469/479] 0x31da19e6d6c368c3:0x95f4a40010d7bd1…
  [470/479] 0x31da1b1692095f5b:0x3194a54ea773813…
  [471/479] 0x31da198c862ff8a5:0x56f8349c0fd2566…
  [472/479] 0x31da190b6023b73f:0xc0850e710bb1876…
  [473/479] 0x31da1972a3010a17:0x594f2f2825bb027…
  [474/479] 0x31da23a629f78cb5:0xcabe073454d115d…
  [475/479] 0x31da103524ea8201:0xe4ba961f86f7160…
  [476/479] 0x31da1526236c4d95:0xc5095d3a3065fa6…
  [477/479] 0x31da1038b2db19f5:0xa0db571a36daacf…
  [478/479] 0x31da19b7f1a8b0bb:0xb804894e5e1e962…
  [479/479] 0x31da11831ac0799f:0x43bc2fdb8059f3d…

Wrote /Users/khalid/Documents/GitHub/Scrapling/latenight_sg_output/raw.json (477 places total)

143 places match category + late-night filter (of 477 scraped)
Enriching websites with email…
[2026-05-05 22:26:43] INFO: Fetched (200) <GET https://www.nighthawk.sg/> (referer: https://www.google.com/)
[2026-05-05 22:26:45] INFO: Fetched (200) <GET https://tessbar.com/> (referer: https://www.google.com/)
[2026-05-05 22:26:46] INFO: Fetched (200) <GET https://www.shangri-la.com/singapore/shangrila/dining/bars-lounges/origin-bar/?WT.mc_id=SLS_201810_GLOBAL_GOOGLEBUSINESS_PROFILE_WEBSITE_TEXTLINK_ORIGINBAR_BRANDWEB_EN> (referer: https://www.google.com/)
[2026-05-05 22:26:47] INFO: Fetched (200) <GET https://28hks.com/> (referer: https://www.google.com/)
[2026-05-05 22:26:48] INFO: Fetched (200) <GET https://www.jiggerandpony.com/> (referer: https://www.google.com/)
[2026-05-05 22:26:48] INFO: Fetched (200) <GET https://www.theotherroom.com.sg/> (referer: https://www.google.com/)
[2026-05-05 22:26:49] INFO: Fetched (200) <GET https://quaichbar.com.sg/> (referer: https://www.google.com/)
[2026-05-05 22:26:49] INFO: Fetched (200) <GET https://www.another-bar.com/> (referer: https://www.google.com/)
[2026-05-05 22:26:50] INFO: Fetched (200) <GET https://drinkskinnys.com/> (referer: https://www.google.com/)
[2026-05-05 22:26:50] INFO: Fetched (404) <GET https://drinkskinnys.com/contact> (referer: https://www.google.com/)
[2026-05-05 22:26:51] INFO: Fetched (404) <GET https://drinkskinnys.com/contact-us> (referer: https://www.google.com/)
[2026-05-05 22:26:52] INFO: Fetched (404) <GET https://drinkskinnys.com/contact/> (referer: https://www.google.com/)
[2026-05-05 22:26:52] INFO: Fetched (404) <GET https://drinkskinnys.com/contact-us/> (referer: https://www.google.com/)
[2026-05-05 22:26:53] INFO: Fetched (404) <GET https://drinkskinnys.com/about> (referer: https://www.google.com/)
[2026-05-05 22:26:53] INFO: Fetched (404) <GET https://drinkskinnys.com/reservations> (referer: https://www.google.com/)
[2026-05-05 22:26:53] INFO: Fetched (200) <GET https://drinkskinnys.com/pages/contact-us> (referer: https://www.google.com/)
[2026-05-05 22:26:54] INFO: Fetched (200) <GET https://www.livetwice.sg/> (referer: https://www.google.com/)
  [10/143]
[2026-05-05 22:26:55] INFO: Fetched (200) <GET https://www.alleybar.sg/> (referer: https://www.google.com/)
[2026-05-05 22:26:55] INFO: Fetched (404) <GET https://www.alleybar.sg/contact> (referer: https://www.google.com/)
[2026-05-05 22:26:56] INFO: Fetched (404) <GET https://www.alleybar.sg/contact-us> (referer: https://www.google.com/)
[2026-05-05 22:26:57] INFO: Fetched (404) <GET https://www.alleybar.sg/contact> (referer: https://www.google.com/)
[2026-05-05 22:26:58] INFO: Fetched (404) <GET https://www.alleybar.sg/contact-us> (referer: https://www.google.com/)
[2026-05-05 22:26:58] INFO: Fetched (404) <GET https://www.alleybar.sg/about> (referer: https://www.google.com/)
[2026-05-05 22:26:59] INFO: Fetched (404) <GET https://www.alleybar.sg/reservations> (referer: https://www.google.com/)
[2026-05-05 22:27:04] INFO: Fetched (200) <GET https://paradisenow.sg/> (referer: https://www.google.com/)
[2026-05-05 22:27:05] INFO: Fetched (200) <GET https://www.atlasbar.sg/> (referer: https://www.google.com/)
[2026-05-05 22:27:06] INFO: Fetched (200) <GET https://www.republicbar.com.sg/> (referer: https://www.google.com/)
[2026-05-05 22:27:07] INFO: Fetched (200) <GET https://www.hilton.com/en/hotels/sinodci-conrad-singapore-orchard/dining/manhattan/> (referer: https://www.google.com/)
[2026-05-05 22:27:08] INFO: Fetched (404) <GET http://www.conradsingaporeorchard.com/contact> (referer: https://www.google.com/)
[2026-05-05 22:27:08] INFO: Fetched (404) <GET http://www.conradsingaporeorchard.com/contact-us> (referer: https://www.google.com/)
[2026-05-05 22:27:09] INFO: Fetched (404) <GET http://www.conradsingaporeorchard.com/contact/> (referer: https://www.google.com/)
[2026-05-05 22:27:09] INFO: Fetched (404) <GET http://www.conradsingaporeorchard.com/contact-us/> (referer: https://www.google.com/)
[2026-05-05 22:27:10] INFO: Fetched (403) <GET http://www.conradsingaporeorchard.com/about> (referer: https://www.google.com/)
[2026-05-05 22:27:12] INFO: Fetched (200) <GET https://www.hilton.com/en/brands/embassy-suites/> (referer: https://www.google.com/)
[2026-05-05 22:27:14] INFO: Fetched (200) <GET https://emerald-hill.com/> (referer: https://www.google.com/)
[2026-05-05 22:27:15] INFO: Fetched (200) <GET https://www.tribenative.com/> (referer: https://www.google.com/)
[2026-05-05 22:27:20] INFO: Fetched (200) <GET https://spiffydapper.com/> (referer: https://www.google.com/)
[2026-05-05 22:27:20] INFO: Fetched (200) <GET https://spiffydapper.com/contact/> (referer: https://www.google.com/)
[2026-05-05 22:27:21] INFO: Fetched (404) <GET https://spiffydapper.com/contact-us> (referer: https://www.google.com/)
[2026-05-05 22:27:22] INFO: Fetched (200) <GET https://spiffydapper.com/contact/> (referer: https://www.google.com/)
[2026-05-05 22:27:23] INFO: Fetched (404) <GET https://spiffydapper.com/contact-us/> (referer: https://www.google.com/)
[2026-05-05 22:27:24] INFO: Fetched (200) <GET https://spiffydapper.com/about/> (referer: https://www.google.com/)
[2026-05-05 22:27:25] INFO: Fetched (404) <GET https://spiffydapper.com/reservations> (referer: https://www.google.com/)
[2026-05-05 22:27:25] INFO: Fetched (200) <GET https://spiffydapper.com/wp-content/plugins/contact-form-7/includes/css/styles.css?ver=4.9.2> (referer: https://www.google.com/)
[2026-05-05 22:27:26] INFO: Fetched (200) <GET https://spiffydapper.com/contact/> (referer: https://www.google.com/)
  [20/143]
[2026-05-05 22:27:26] INFO: Fetched (200) <GET https://www.gibsonbar.sg/> (referer: https://www.google.com/)
[2026-05-05 22:27:27] INFO: Fetched (200) <GET https://www.thehousebar.com.sg/> (referer: https://www.google.com/)
[2026-05-05 22:27:27] INFO: Fetched (200) <GET https://www.instagram.com/oriental.elixir/> (referer: https://www.google.com/)
[2026-05-05 22:27:29] INFO: Fetched (200) <GET https://www.instagram.com/contact> (referer: https://www.google.com/)
[2026-05-05 22:27:29] INFO: Fetched (200) <GET https://www.instagram.com/contact-us> (referer: https://www.google.com/)
[2026-05-05 22:27:30] INFO: Fetched (200) <GET https://www.instagram.com/contact/> (referer: https://www.google.com/)
[2026-05-05 22:27:30] INFO: Fetched (200) <GET https://www.instagram.com/contact-us/> (referer: https://www.google.com/)
[2026-05-05 22:27:31] INFO: Fetched (200) <GET https://www.instagram.com/about> (referer: https://www.google.com/)
[2026-05-05 22:27:32] INFO: Fetched (200) <GET https://www.instagram.com/reservations> (referer: https://www.google.com/)
[2026-05-05 22:27:32] INFO: Fetched (200) <GET https://burntends.com.sg/reservations/> (referer: https://www.google.com/)
[2026-05-05 22:27:33] INFO: Fetched (200) <GET https://burntends.com.sg/contact/> (referer: https://www.google.com/)
[2026-05-05 22:27:35] INFO: Fetched (200) <GET https://www.instagram.com/sagohouse.sg?igshid=NGVhN2U2NjQ0Yg%3D%3D&utm_source=qr> (referer: https://www.google.com/)
[2026-05-05 22:27:35] INFO: Fetched (200) <GET https://www.instagram.com/contact> (referer: https://www.google.com/)
[2026-05-05 22:27:36] INFO: Fetched (200) <GET https://www.instagram.com/contact-us> (referer: https://www.google.com/)
[2026-05-05 22:27:38] INFO: Fetched (200) <GET https://www.instagram.com/contact/> (referer: https://www.google.com/)
[2026-05-05 22:27:39] INFO: Fetched (200) <GET https://www.instagram.com/contact-us/> (referer: https://www.google.com/)
[2026-05-05 22:27:40] INFO: Fetched (200) <GET https://www.instagram.com/about> (referer: https://www.google.com/)
[2026-05-05 22:27:41] INFO: Fetched (200) <GET https://www.instagram.com/reservations> (referer: https://www.google.com/)
[2026-05-05 22:27:42] INFO: Fetched (200) <GET https://www.thebackdrop.sg/> (referer: https://www.google.com/)
[2026-05-05 22:27:46] INFO: Fetched (200) <GET https://thebarkakure.com/> (referer: https://www.google.com/)
[2026-05-05 22:27:47] INFO: Fetched (200) <GET https://quaichbar.com.sg/> (referer: https://www.google.com/)
[2026-05-05 22:27:47] INFO: Fetched (200) <GET https://chupitos.sg/> (referer: https://www.google.com/)
[2026-05-05 22:27:48] INFO: Fetched (200) <GET https://www.acidbar.sg/> (referer: https://www.google.com/)
[2026-05-05 22:27:48] INFO: Fetched (404) <GET https://www.acidbar.sg/contact> (referer: https://www.google.com/)
[2026-05-05 22:27:49] INFO: Fetched (200) <GET https://www.acidbar.sg/contact-us> (referer: https://www.google.com/)
  [30/143]
[2026-05-05 22:27:50] INFO: Fetched (200) <GET https://www.laspalmasbar.com/> (referer: https://www.google.com/)
[2026-05-05 22:27:53] INFO: Fetched (200) <GET https://employeesonlysg.com/welcome> (referer: https://www.google.com/)
[2026-05-05 22:27:54] INFO: Fetched (200) <GET https://quaichbar.com.sg/> (referer: https://www.google.com/)
[2026-05-05 22:27:56] INFO: Fetched (200) <GET https://www.persiarestaurant.no/> (referer: https://www.google.com/)
[2026-05-05 22:27:57] INFO: Fetched (200) <GET https://www.persiarestaurant.no/> (referer: https://www.google.com/)
[2026-05-05 22:27:58] INFO: Fetched (200) <GET https://www.persiarestaurant.no/> (referer: https://www.google.com/)
[2026-05-05 22:27:59] INFO: Fetched (200) <GET https://www.persiarestaurant.no/> (referer: https://www.google.com/)
[2026-05-05 22:27:59] INFO: Fetched (200) <GET https://www.persiarestaurant.no/> (referer: https://www.google.com/)
[2026-05-05 22:28:00] INFO: Fetched (200) <GET https://www.persiarestaurant.no/> (referer: https://www.google.com/)
[2026-05-05 22:28:02] INFO: Fetched (200) <GET https://www.persiarestaurant.no/> (referer: https://www.google.com/)
[2026-05-05 22:28:02] INFO: Fetched (200) <GET https://www.theelephantroom.sg/> (referer: https://www.google.com/)
[2026-05-05 22:28:02] INFO: Fetched (200) <GET https://www.editionhotels.com/singapore/restaurants-and-bars/punch-room/> (referer: https://www.google.com/)
[2026-05-05 22:28:03] INFO: Fetched (200) <GET https://www.offtrack.sg/> (referer: https://www.google.com/)
[2026-05-05 22:28:03] INFO: Fetched (200) <GET https://highhouse.sg/> (referer: https://www.google.com/)
[2026-05-05 22:28:04] INFO: Fetched (200) <GET https://www.editionhotels.com/singapore/restaurants-and-bars/lobby-bar/> (referer: https://www.google.com/)
  [40/143]
[2026-05-05 22:28:04] INFO: Fetched (200) <GET https://www.facebook.com/thepublichouse.sg> (referer: https://www.google.com/)
[2026-05-05 22:28:06] INFO: Fetched (200) <GET https://www.facebook.com/contact> (referer: https://www.google.com/)
[2026-05-05 22:28:07] INFO: Fetched (200) <GET https://www.facebook.com/contactus/> (referer: https://www.google.com/)
[2026-05-05 22:28:08] INFO: Fetched (200) <GET https://www.facebook.com/contact/> (referer: https://www.google.com/)
[2026-05-05 22:28:09] INFO: Fetched (200) <GET https://www.facebook.com/contactus/> (referer: https://www.google.com/)
[2026-05-05 22:28:13] INFO: Fetched (200) <GET https://www.meta.com/en-gb/about/?utm_source=about.facebook.com&utm_medium=redirect> (referer: https://www.google.com/)
[2026-05-05 22:28:13] INFO: Fetched (200) <GET https://www.facebook.com/reservations> (referer: https://www.google.com/)
[2026-05-05 22:28:14] INFO: Fetched (200) <GET https://www.molly-malone.com/> (referer: https://www.google.com/)
[2026-05-05 22:28:15] INFO: Fetched (200) <GET https://www.walawala.sg/> (referer: https://www.google.com/)
[2026-05-05 22:28:17] INFO: Fetched (200) <GET https://www.thequeenspub.sg/> (referer: https://www.google.com/)
[2026-05-05 22:28:18] INFO: Fetched (200) <GET https://www.facebook.com/iwantyou261> (referer: https://www.google.com/)
[2026-05-05 22:28:20] INFO: Fetched (200) <GET https://www.facebook.com/contact> (referer: https://www.google.com/)
[2026-05-05 22:28:21] INFO: Fetched (200) <GET https://www.facebook.com/contactus/> (referer: https://www.google.com/)
[2026-05-05 22:28:23] INFO: Fetched (200) <GET https://www.facebook.com/contact/> (referer: https://www.google.com/)
[2026-05-05 22:28:24] INFO: Fetched (200) <GET https://www.facebook.com/contactus/> (referer: https://www.google.com/)
[2026-05-05 22:28:27] INFO: Fetched (200) <GET https://www.meta.com/en-gb/about/?utm_source=about.facebook.com&utm_medium=redirect> (referer: https://www.google.com/)
[2026-05-05 22:28:28] INFO: Fetched (200) <GET https://www.facebook.com/reservations> (referer: https://www.google.com/)
  [50/143]
[2026-05-05 22:28:29] INFO: Fetched (200) <GET https://www.maltcraftbeerbar.com/> (referer: https://www.google.com/)
[2026-05-05 22:28:30] WARNING: Attempt 1 failed: Failed to perform, curl: (60) SSL certificate problem: unable to get local issuer certificate. See https://curl.se/libcurl/c/libcurl-errors.html first for more details.. Retrying in 1 seconds...
[2026-05-05 22:28:31] WARNING: Attempt 2 failed: Failed to perform, curl: (60) SSL certificate problem: unable to get local issuer certificate. See https://curl.se/libcurl/c/libcurl-errors.html first for more details.. Retrying in 1 seconds...
[2026-05-05 22:28:32] ERROR: Failed after 3 attempts: Failed to perform, curl: (60) SSL certificate problem: unable to get local issuer certificate. See https://curl.se/libcurl/c/libcurl-errors.html first for more details.
[2026-05-05 22:28:32] WARNING: Attempt 1 failed: Failed to perform, curl: (60) SSL certificate problem: unable to get local issuer certificate. See https://curl.se/libcurl/c/libcurl-errors.html first for more details.. Retrying in 1 seconds...
[2026-05-05 22:28:33] WARNING: Attempt 2 failed: Failed to perform, curl: (60) SSL certificate problem: unable to get local issuer certificate. See https://curl.se/libcurl/c/libcurl-errors.html first for more details.. Retrying in 1 seconds...
[2026-05-05 22:28:34] ERROR: Failed after 3 attempts: Failed to perform, curl: (60) SSL certificate problem: unable to get local issuer certificate. See https://curl.se/libcurl/c/libcurl-errors.html first for more details.
[2026-05-05 22:28:35] WARNING: Attempt 1 failed: Failed to perform, curl: (60) SSL certificate problem: unable to get local issuer certificate. See https://curl.se/libcurl/c/libcurl-errors.html first for more details.. Retrying in 1 seconds...
[2026-05-05 22:28:36] WARNING: Attempt 2 failed: Failed to perform, curl: (60) SSL certificate problem: unable to get local issuer certificate. See https://curl.se/libcurl/c/libcurl-errors.html first for more details.. Retrying in 1 seconds...
[2026-05-05 22:28:37] ERROR: Failed after 3 attempts: Failed to perform, curl: (60) SSL certificate problem: unable to get local issuer certificate. See https://curl.se/libcurl/c/libcurl-errors.html first for more details.
[2026-05-05 22:28:37] WARNING: Attempt 1 failed: Failed to perform, curl: (60) SSL certificate problem: unable to get local issuer certificate. See https://curl.se/libcurl/c/libcurl-errors.html first for more details.. Retrying in 1 seconds...
[2026-05-05 22:28:38] WARNING: Attempt 2 failed: Failed to perform, curl: (60) SSL certificate problem: unable to get local issuer certificate. See https://curl.se/libcurl/c/libcurl-errors.html first for more details.. Retrying in 1 seconds...
[2026-05-05 22:28:39] ERROR: Failed after 3 attempts: Failed to perform, curl: (60) SSL certificate problem: unable to get local issuer certificate. See https://curl.se/libcurl/c/libcurl-errors.html first for more details.
[2026-05-05 22:28:40] WARNING: Attempt 1 failed: Failed to perform, curl: (60) SSL certificate problem: unable to get local issuer certificate. See https://curl.se/libcurl/c/libcurl-errors.html first for more details.. Retrying in 1 seconds...
[2026-05-05 22:28:41] WARNING: Attempt 2 failed: Failed to perform, curl: (60) SSL certificate problem: unable to get local issuer certificate. See https://curl.se/libcurl/c/libcurl-errors.html first for more details.. Retrying in 1 seconds...
[2026-05-05 22:28:42] ERROR: Failed after 3 attempts: Failed to perform, curl: (60) SSL certificate problem: unable to get local issuer certificate. See https://curl.se/libcurl/c/libcurl-errors.html first for more details.
[2026-05-05 22:28:42] WARNING: Attempt 1 failed: Failed to perform, curl: (60) SSL certificate problem: unable to get local issuer certificate. See https://curl.se/libcurl/c/libcurl-errors.html first for more details.. Retrying in 1 seconds...
[2026-05-05 22:28:43] WARNING: Attempt 2 failed: Failed to perform, curl: (60) SSL certificate problem: unable to get local issuer certificate. See https://curl.se/libcurl/c/libcurl-errors.html first for more details.. Retrying in 1 seconds...
[2026-05-05 22:28:44] ERROR: Failed after 3 attempts: Failed to perform, curl: (60) SSL certificate problem: unable to get local issuer certificate. See https://curl.se/libcurl/c/libcurl-errors.html first for more details.
[2026-05-05 22:28:44] WARNING: Attempt 1 failed: Failed to perform, curl: (60) SSL certificate problem: unable to get local issuer certificate. See https://curl.se/libcurl/c/libcurl-errors.html first for more details.. Retrying in 1 seconds...
[2026-05-05 22:28:46] WARNING: Attempt 2 failed: Failed to perform, curl: (60) SSL certificate problem: unable to get local issuer certificate. See https://curl.se/libcurl/c/libcurl-errors.html first for more details.. Retrying in 1 seconds...
[2026-05-05 22:28:47] ERROR: Failed after 3 attempts: Failed to perform, curl: (60) SSL certificate problem: unable to get local issuer certificate. See https://curl.se/libcurl/c/libcurl-errors.html first for more details.
[2026-05-05 22:28:48] INFO: Fetched (200) <GET https://www.facebook.com/pubmoon/> (referer: https://www.google.com/)
[2026-05-05 22:28:49] INFO: Fetched (200) <GET https://www.facebook.com/contact> (referer: https://www.google.com/)
[2026-05-05 22:28:50] INFO: Fetched (200) <GET https://www.facebook.com/contactus/> (referer: https://www.google.com/)
[2026-05-05 22:28:52] INFO: Fetched (200) <GET https://www.facebook.com/contact/> (referer: https://www.google.com/)
[2026-05-05 22:28:57] INFO: Fetched (200) <GET https://www.facebook.com/contactus/> (referer: https://www.google.com/)
[2026-05-05 22:29:00] INFO: Fetched (200) <GET https://www.meta.com/en-gb/about/?utm_source=about.facebook.com&utm_medium=redirect> (referer: https://www.google.com/)
[2026-05-05 22:29:01] INFO: Fetched (200) <GET https://www.facebook.com/reservations> (referer: https://www.google.com/)
[2026-05-05 22:29:05] INFO: Fetched (200) <GET http://dbespoke.sg/> (referer: https://www.google.com/)
[2026-05-05 22:29:08] INFO: Fetched (200) <GET https://www.warehousecq.com/> (referer: https://www.google.com/)
[2026-05-05 22:29:08] INFO: Fetched (200) <GET https://www.thewarehousehotel.com/lobbybar/> (referer: https://www.google.com/)
[2026-05-05 22:29:09] INFO: Fetched (200) <GET https://www.thewarehousehotel.com/contact/> (referer: https://www.google.com/)
[2026-05-05 22:29:09] INFO: Fetched (404) <GET https://www.thewarehousehotel.com/contact-us> (referer: https://www.google.com/)
[2026-05-05 22:29:10] INFO: Fetched (200) <GET https://www.thewarehousehotel.com/contact/> (referer: https://www.google.com/)
[2026-05-05 22:29:10] INFO: Fetched (404) <GET https://www.thewarehousehotel.com/contact-us/> (referer: https://www.google.com/)
[2026-05-05 22:29:11] INFO: Fetched (200) <GET https://www.thewarehousehotel.com/about/> (referer: https://www.google.com/)
[2026-05-05 22:29:11] INFO: Fetched (404) <GET https://www.thewarehousehotel.com/reservations> (referer: https://www.google.com/)
[2026-05-05 22:29:11] INFO: Fetched (200) <GET https://famtwh.wpenginepowered.com/wp-content/plugins/contact-form-7/includes/css/styles.css?ver=6.1.5> (referer: https://www.google.com/)
[2026-05-05 22:29:12] INFO: Fetched (200) <GET https://www.thewarehousehotel.com/contact/> (referer: https://www.google.com/)
[2026-05-05 22:29:12] INFO: Fetched (200) <GET https://www.thewarehousehotel.com/contact/#getting-here> (referer: https://www.google.com/)
[2026-05-05 22:29:12] INFO: Fetched (200) <GET https://www.thewarehousehotel.com/contact/faqs/> (referer: https://www.google.com/)
[2026-05-05 22:29:13] INFO: Fetched (200) <GET https://kpo.com.sg/> (referer: https://www.google.com/)
[2026-05-05 22:29:14] INFO: Fetched (200) <GET https://www.brauhaussg.com/> (referer: https://www.google.com/)
  [60/143]
[2026-05-05 22:29:14] INFO: Fetched (200) <GET https://www.mogambo.sg/> (referer: https://www.google.com/)
[2026-05-05 22:29:15] INFO: Fetched (404) <GET https://www.mogambo.sg/contact> (referer: https://www.google.com/)
[2026-05-05 22:29:16] INFO: Fetched (404) <GET https://www.mogambo.sg/contact-us> (referer: https://www.google.com/)
[2026-05-05 22:29:17] INFO: Fetched (404) <GET https://www.mogambo.sg/contact> (referer: https://www.google.com/)
[2026-05-05 22:29:18] INFO: Fetched (404) <GET https://www.mogambo.sg/contact-us> (referer: https://www.google.com/)
[2026-05-05 22:29:18] INFO: Fetched (404) <GET https://www.mogambo.sg/about> (referer: https://www.google.com/)
[2026-05-05 22:29:20] INFO: Fetched (200) <GET https://www.mogambo.sg/reservations> (referer: https://www.google.com/)
[2026-05-05 22:29:21] INFO: Fetched (200) <GET https://www.facebook.com/B0JI0?mibextid=LQQJ4d> (referer: https://www.google.com/)
[2026-05-05 22:29:22] INFO: Fetched (200) <GET https://www.facebook.com/contact> (referer: https://www.google.com/)
[2026-05-05 22:29:23] INFO: Fetched (200) <GET https://www.facebook.com/contactus/> (referer: https://www.google.com/)
[2026-05-05 22:29:25] INFO: Fetched (200) <GET https://www.facebook.com/contact/> (referer: https://www.google.com/)
[2026-05-05 22:29:27] INFO: Fetched (200) <GET https://www.facebook.com/contactus/> (referer: https://www.google.com/)
[2026-05-05 22:29:31] INFO: Fetched (200) <GET https://www.meta.com/en-gb/about/?utm_source=about.facebook.com&utm_medium=redirect> (referer: https://www.google.com/)
[2026-05-05 22:29:32] INFO: Fetched (200) <GET https://www.facebook.com/reservations> (referer: https://www.google.com/)
[2026-05-05 22:29:34] INFO: Fetched (200) <GET https://singaporekaraokepubslounges.com/kens-pub/> (referer: https://www.google.com/)
[2026-05-05 22:29:36] INFO: Fetched (200) <GET https://singaporekaraokepubslounges.com/contacts/> (referer: https://www.google.com/)
[2026-05-05 22:29:37] INFO: Fetched (200) <GET https://1-levelup.com/> (referer: https://www.google.com/)
[2026-05-05 22:29:38] INFO: Fetched (200) <GET https://1-levelup.com/wp-content/uploads/2023/03/contact.jpg> (referer: https://www.google.com/)
[2026-05-05 22:29:39] INFO: Fetched (404) <GET http://1-levelup.com/contact-us> (referer: https://www.google.com/)
[2026-05-05 22:29:41] INFO: Fetched (200) <GET https://1-levelup.com/wp-content/uploads/2023/03/contact.jpg> (referer: https://www.google.com/)
[2026-05-05 22:29:42] INFO: Fetched (404) <GET http://1-levelup.com/contact-us/> (referer: https://www.google.com/)
[2026-05-05 22:29:42] INFO: Fetched (200) <GET https://1-levelup.com/about-level/> (referer: https://www.google.com/)
[2026-05-05 22:29:43] INFO: Fetched (404) <GET http://1-levelup.com/reservations> (referer: https://www.google.com/)
[2026-05-05 22:29:44] INFO: Fetched (200) <GET https://1-levelup.com/level-up-bar-arcade-clarke-quay-contact-us/> (referer: https://www.google.com/)
[2026-05-05 22:29:45] INFO: Fetched (404) <GET http://1-levelup.com/contact-us> (referer: https://www.google.com/)
[2026-05-05 22:29:46] INFO: Fetched (200) <GET https://social.quandoo.com/en/groups/deck-bar> (referer: https://www.google.com/)
[2026-05-05 22:29:46] INFO: Fetched (404) <GET https://social.quandoo.com/contact> (referer: https://www.google.com/)
[2026-05-05 22:29:47] INFO: Fetched (404) <GET https://social.quandoo.com/contact-us> (referer: https://www.google.com/)
[2026-05-05 22:29:48] INFO: Fetched (404) <GET https://social.quandoo.com/contact/> (referer: https://www.google.com/)
[2026-05-05 22:29:50] INFO: Fetched (404) <GET https://social.quandoo.com/contact-us/> (referer: https://www.google.com/)
[2026-05-05 22:29:51] INFO: Fetched (404) <GET https://social.quandoo.com/about> (referer: https://www.google.com/)
[2026-05-05 22:29:51] INFO: Fetched (404) <GET https://social.quandoo.com/reservations> (referer: https://www.google.com/)
  [70/143]
[2026-05-05 22:29:52] INFO: Fetched (200) <GET https://www.instagram.com/gold8sg?igsh=cmhlbmgzM2FibWZx&utm_source=qr> (referer: https://www.google.com/)
[2026-05-05 22:29:53] INFO: Fetched (200) <GET https://www.instagram.com/contact> (referer: https://www.google.com/)
[2026-05-05 22:29:53] INFO: Fetched (200) <GET https://www.instagram.com/contact-us> (referer: https://www.google.com/)
[2026-05-05 22:29:54] INFO: Fetched (200) <GET https://www.instagram.com/contact/> (referer: https://www.google.com/)
[2026-05-05 22:29:54] INFO: Fetched (200) <GET https://www.instagram.com/contact-us/> (referer: https://www.google.com/)
[2026-05-05 22:29:55] INFO: Fetched (200) <GET https://www.instagram.com/about> (referer: https://www.google.com/)
[2026-05-05 22:29:56] INFO: Fetched (200) <GET https://www.instagram.com/reservations> (referer: https://www.google.com/)
[2026-05-05 22:29:56] INFO: Fetched (200) <GET https://social.quandoo.com/en/groups/gossip-bar-your-go-to-ktv-karaoke-bar-in-singapore> (referer: https://www.google.com/)
[2026-05-05 22:29:57] INFO: Fetched (404) <GET https://social.quandoo.com/contact> (referer: https://www.google.com/)
[2026-05-05 22:29:57] INFO: Fetched (404) <GET https://social.quandoo.com/contact-us> (referer: https://www.google.com/)
[2026-05-05 22:29:58] INFO: Fetched (404) <GET https://social.quandoo.com/contact/> (referer: https://www.google.com/)
[2026-05-05 22:29:59] INFO: Fetched (404) <GET https://social.quandoo.com/contact-us/> (referer: https://www.google.com/)
[2026-05-05 22:30:00] INFO: Fetched (404) <GET https://social.quandoo.com/about> (referer: https://www.google.com/)
[2026-05-05 22:30:01] INFO: Fetched (404) <GET https://social.quandoo.com/reservations> (referer: https://www.google.com/)
[2026-05-05 22:30:02] INFO: Fetched (200) <GET https://www.facebook.com/TogetherBar178/> (referer: https://www.google.com/)
[2026-05-05 22:30:04] INFO: Fetched (200) <GET https://www.facebook.com/contact> (referer: https://www.google.com/)
[2026-05-05 22:30:05] INFO: Fetched (200) <GET https://www.facebook.com/contactus/> (referer: https://www.google.com/)
[2026-05-05 22:30:07] INFO: Fetched (200) <GET https://www.facebook.com/contact/> (referer: https://www.google.com/)
[2026-05-05 22:30:08] INFO: Fetched (200) <GET https://www.facebook.com/contactus/> (referer: https://www.google.com/)
[2026-05-05 22:30:12] INFO: Fetched (200) <GET https://www.meta.com/en-gb/about/?utm_source=about.facebook.com&utm_medium=redirect> (referer: https://www.google.com/)
[2026-05-05 22:30:12] INFO: Fetched (200) <GET https://www.facebook.com/reservations> (referer: https://www.google.com/)
[2026-05-05 22:30:14] INFO: Fetched (200) <GET https://www.highlanderasia.com/> (referer: https://www.google.com/)
[2026-05-05 22:30:15] INFO: Fetched (200) <GET https://www.highlanderasia.com/contact-us/> (referer: https://www.google.com/)
[2026-05-05 22:30:15] INFO: Fetched (200) <GET https://www.instagram.com/dorothysbar?igsh=djg4cDJ1YjR3M3lw> (referer: https://www.google.com/)
[2026-05-05 22:30:16] INFO: Fetched (200) <GET https://www.instagram.com/contact> (referer: https://www.google.com/)
[2026-05-05 22:30:16] INFO: Fetched (200) <GET https://www.instagram.com/contact-us> (referer: https://www.google.com/)
[2026-05-05 22:30:17] INFO: Fetched (200) <GET https://www.instagram.com/contact/> (referer: https://www.google.com/)
[2026-05-05 22:30:17] INFO: Fetched (200) <GET https://www.instagram.com/contact-us/> (referer: https://www.google.com/)
[2026-05-05 22:30:18] INFO: Fetched (200) <GET https://www.instagram.com/about> (referer: https://www.google.com/)
[2026-05-05 22:30:19] INFO: Fetched (200) <GET https://www.instagram.com/reservations> (referer: https://www.google.com/)
  [80/143]
[2026-05-05 22:30:20] INFO: Fetched (200) <GET https://www.thestregisbarsingapore.com/> (referer: https://www.google.com/)
[2026-05-05 22:30:22] INFO: Fetched (200) <GET https://www.facebook.com/pages/A-Gun-Pub/208451469192707> (referer: https://www.google.com/)
[2026-05-05 22:30:23] INFO: Fetched (200) <GET https://www.facebook.com/contact> (referer: https://www.google.com/)
[2026-05-05 22:30:25] INFO: Fetched (200) <GET https://www.facebook.com/contactus/> (referer: https://www.google.com/)
[2026-05-05 22:30:26] INFO: Fetched (200) <GET https://www.facebook.com/contact/> (referer: https://www.google.com/)
[2026-05-05 22:30:27] INFO: Fetched (200) <GET https://www.facebook.com/contactus/> (referer: https://www.google.com/)
[2026-05-05 22:30:41] INFO: Fetched (200) <GET https://www.meta.com/en-gb/about/?utm_source=about.facebook.com&utm_medium=redirect> (referer: https://www.google.com/)
[2026-05-05 22:30:42] INFO: Fetched (200) <GET https://www.facebook.com/reservations> (referer: https://www.google.com/)
[2026-05-05 22:30:44] INFO: Fetched (200) <GET https://singaporeatrium.holidayinn.com/atrium-bar-317> (referer: https://www.google.com/)
[2026-05-05 22:30:44] INFO: Fetched (200) <GET https://www.rasaspace.com/> (referer: https://www.google.com/)
[2026-05-05 22:30:46] INFO: Fetched (200) <GET https://www.yinyang.sg/yangclubsg> (referer: https://www.google.com/)
[2026-05-05 22:30:48] INFO: Fetched (200) <GET https://www.yinyang.sg/contact> (referer: https://www.google.com/)
[2026-05-05 22:30:49] INFO: Fetched (200) <GET http://www.alphanightlife.com.sg/cgi-sys/suspendedpage.cgi> (referer: https://www.google.com/)
[2026-05-05 22:30:49] INFO: Fetched (200) <GET https://ipanemaworldmusicbar.com/> (referer: https://www.google.com/)
[2026-05-05 22:30:51] INFO: Fetched (200) <GET https://zoukgroup.com/singapore/capital/> (referer: https://www.google.com/)
  [90/143]
[2026-05-05 22:30:51] INFO: Fetched (200) <GET https://www.thugshopsg.com/> (referer: https://www.google.com/)
[2026-05-05 22:30:52] INFO: Fetched (200) <GET https://taplink.cc/clubdeluxe.sg> (referer: https://www.google.com/)
[2026-05-05 22:30:53] INFO: Fetched (200) <GET https://taplink.cc/contact> (referer: https://www.google.com/)
[2026-05-05 22:30:54] INFO: Fetched (404) <GET https://taplink.cc/contact-us> (referer: https://www.google.com/)
[2026-05-05 22:30:55] INFO: Fetched (200) <GET https://taplink.cc/contact> (referer: https://www.google.com/)
[2026-05-05 22:30:56] INFO: Fetched (404) <GET https://taplink.cc/contact-us> (referer: https://www.google.com/)
[2026-05-05 22:30:57] INFO: Fetched (200) <GET https://taplink.cc/about> (referer: https://www.google.com/)
[2026-05-05 22:30:59] INFO: Fetched (200) <GET https://taplink.at/en/> (referer: https://www.google.com/)
[2026-05-05 22:31:01] INFO: Fetched (200) <GET https://www.mandala.club/> (referer: https://www.google.com/)
[2026-05-05 22:31:02] INFO: Fetched (200) <GET https://www.nightlifestreet.com/en/listing/8-degree-lounge-bukit-batok> (referer: https://www.google.com/)
[2026-05-05 22:31:03] INFO: Fetched (200) <GET https://www.tiktok.com/@club.mu> (referer: https://www.google.com/)
[2026-05-05 22:31:05] INFO: Fetched (200) <GET https://www.nightlifestreet.com/en/listing/club-bagawan> (referer: https://www.google.com/)
[2026-05-05 22:31:07] INFO: Fetched (200) <GET https://www.facebook.com/ClubDiamondSG/> (referer: https://www.google.com/)
[2026-05-05 22:31:08] INFO: Fetched (200) <GET https://www.facebook.com/contact> (referer: https://www.google.com/)
[2026-05-05 22:31:09] INFO: Fetched (200) <GET https://www.facebook.com/contactus/> (referer: https://www.google.com/)
[2026-05-05 22:31:10] INFO: Fetched (200) <GET https://www.facebook.com/contact/> (referer: https://www.google.com/)
[2026-05-05 22:31:12] INFO: Fetched (200) <GET https://www.facebook.com/contactus/> (referer: https://www.google.com/)
[2026-05-05 22:31:15] INFO: Fetched (200) <GET https://www.meta.com/en-gb/about/?utm_source=about.facebook.com&utm_medium=redirect> (referer: https://www.google.com/)
[2026-05-05 22:31:15] INFO: Fetched (200) <GET https://www.facebook.com/reservations> (referer: https://www.google.com/)
  [100/143]
[2026-05-05 22:31:16] INFO: Fetched (200) <GET http://clublunar.org/> (referer: https://www.google.com/)
[2026-05-05 22:31:16] INFO: Fetched (200) <GET http://clublunar.org/contact> (referer: https://www.google.com/)
[2026-05-05 22:31:16] INFO: Fetched (200) <GET http://clublunar.org/contact-us> (referer: https://www.google.com/)
[2026-05-05 22:31:17] INFO: Fetched (200) <GET http://clublunar.org/contact/> (referer: https://www.google.com/)
[2026-05-05 22:31:17] INFO: Fetched (200) <GET http://clublunar.org/contact-us/> (referer: https://www.google.com/)
[2026-05-05 22:31:17] INFO: Fetched (200) <GET http://clublunar.org/about> (referer: https://www.google.com/)
[2026-05-05 22:31:18] INFO: Fetched (200) <GET http://clublunar.org/reservations> (referer: https://www.google.com/)
[2026-05-05 22:31:18] INFO: Fetched (200) <GET https://www.mcdonalds.com.sg/> (referer: https://www.google.com/)
[2026-05-05 22:31:19] INFO: Fetched (404) <GET https://www.mcdonalds.com.sg/contact> (referer: https://www.google.com/)
[2026-05-05 22:31:19] INFO: Fetched (200) <GET https://www.mcdonalds.com.sg/contact-us> (referer: https://www.google.com/)
[2026-05-05 22:31:20] INFO: Fetched (404) <GET https://www.mcdonalds.com.sg/contact/> (referer: https://www.google.com/)
[2026-05-05 22:31:20] INFO: Fetched (200) <GET https://www.mcdonalds.com.sg/contact-us/> (referer: https://www.google.com/)
[2026-05-05 22:31:21] INFO: Fetched (404) <GET https://www.mcdonalds.com.sg/about> (referer: https://www.google.com/)
[2026-05-05 22:31:23] INFO: Fetched (404) <GET https://www.mcdonalds.com.sg/reservations> (referer: https://www.google.com/)
[2026-05-05 22:31:23] INFO: Fetched (200) <GET https://www.cotu.co/the-whisper-room> (referer: https://www.google.com/)
[2026-05-05 22:31:24] INFO: Fetched (200) <GET https://www.instagram.com/clubsparks.sg/?hl=en> (referer: https://www.google.com/)
[2026-05-05 22:31:25] INFO: Fetched (200) <GET https://www.instagram.com/contact> (referer: https://www.google.com/)
[2026-05-05 22:31:25] INFO: Fetched (200) <GET https://www.instagram.com/contact-us> (referer: https://www.google.com/)
[2026-05-05 22:31:26] INFO: Fetched (200) <GET https://www.instagram.com/contact/> (referer: https://www.google.com/)
[2026-05-05 22:31:27] INFO: Fetched (200) <GET https://www.instagram.com/contact-us/> (referer: https://www.google.com/)
[2026-05-05 22:31:28] INFO: Fetched (200) <GET https://www.instagram.com/about> (referer: https://www.google.com/)
[2026-05-05 22:31:28] INFO: Fetched (200) <GET https://www.instagram.com/reservations> (referer: https://www.google.com/)
[2026-05-05 22:31:29] INFO: Fetched (200) <GET https://www.facebook.com/clubevosg> (referer: https://www.google.com/)
[2026-05-05 22:31:31] INFO: Fetched (200) <GET https://www.facebook.com/contact> (referer: https://www.google.com/)
[2026-05-05 22:31:31] INFO: Fetched (200) <GET https://www.facebook.com/contactus/> (referer: https://www.google.com/)
[2026-05-05 22:31:33] INFO: Fetched (200) <GET https://www.facebook.com/contact/> (referer: https://www.google.com/)
[2026-05-05 22:31:34] INFO: Fetched (200) <GET https://www.facebook.com/contactus/> (referer: https://www.google.com/)
[2026-05-05 22:31:37] INFO: Fetched (200) <GET https://www.meta.com/en-gb/about/?utm_source=about.facebook.com&utm_medium=redirect> (referer: https://www.google.com/)
[2026-05-05 22:31:38] INFO: Fetched (200) <GET https://www.facebook.com/reservations> (referer: https://www.google.com/)
[2026-05-05 22:31:42] INFO: Fetched (200) <GET https://warren.org.sg/> (referer: https://www.google.com/)
[2026-05-05 22:31:43] INFO: Fetched (200) <GET https://www.facebook.com/people/666-Club-Singapore/61587096630819/> (referer: https://www.google.com/)
[2026-05-05 22:31:46] INFO: Fetched (200) <GET https://www.facebook.com/contact> (referer: https://www.google.com/)
[2026-05-05 22:31:47] INFO: Fetched (200) <GET https://www.facebook.com/contactus/> (referer: https://www.google.com/)
[2026-05-05 22:31:49] INFO: Fetched (200) <GET https://www.facebook.com/contact/> (referer: https://www.google.com/)
[2026-05-05 22:31:50] INFO: Fetched (200) <GET https://www.facebook.com/contactus/> (referer: https://www.google.com/)
[2026-05-05 22:31:54] INFO: Fetched (200) <GET https://www.meta.com/en-gb/about/?utm_source=about.facebook.com&utm_medium=redirect> (referer: https://www.google.com/)
[2026-05-05 22:31:55] INFO: Fetched (200) <GET https://www.facebook.com/reservations> (referer: https://www.google.com/)
[2026-05-05 22:31:55] INFO: Fetched (200) <GET https://sg.celavi.com/> (referer: https://www.google.com/)
[2026-05-05 22:31:56] INFO: Fetched (404) <GET https://www.celavi.com/contact> (referer: https://www.google.com/)
[2026-05-05 22:31:56] INFO: Fetched (200) <GET https://www.celavi.com/contact-us> (referer: https://www.google.com/)
[2026-05-05 22:31:57] INFO: Fetched (404) <GET https://www.celavi.com/contact> (referer: https://www.google.com/)
[2026-05-05 22:31:58] INFO: Fetched (200) <GET https://www.celavi.com/contact-us> (referer: https://www.google.com/)
[2026-05-05 22:31:58] INFO: Fetched (404) <GET https://www.celavi.com/about> (referer: https://www.google.com/)
[2026-05-05 22:31:59] INFO: Fetched (404) <GET https://www.celavi.com/reservations> (referer: https://www.google.com/)
[2026-05-05 22:31:59] INFO: Fetched (200) <GET https://www.celavi.com/contact-us> (referer: https://www.google.com/)
[2026-05-05 22:31:59] INFO: Fetched (200) <GET https://www.celavi.com/contact-us#directions> (referer: https://www.google.com/)
[2026-05-05 22:31:59] INFO: Fetched (200) <GET https://www.celavi.com/contact-us#openinghours> (referer: https://www.google.com/)
  [110/143]
[2026-05-05 22:32:00] INFO: Fetched (200) <GET https://www.cotu.co/dashi-go-go> (referer: https://www.google.com/)
[2026-05-05 22:32:06] INFO: Fetched (200) <GET https://kilo-collective.com/our-venue/behind-the-green-door-singapore/> (referer: https://www.google.com/)
[2026-05-05 22:32:07] INFO: Fetched (200) <GET https://kilo-collective.com/contact/> (referer: https://www.google.com/)
[2026-05-05 22:32:09] INFO: Fetched (404) <GET https://kilo-collective.com/contact-us> (referer: https://www.google.com/)
[2026-05-05 22:32:09] INFO: Fetched (200) <GET https://kilo-collective.com/contact/> (referer: https://www.google.com/)
[2026-05-05 22:32:10] INFO: Fetched (404) <GET https://kilo-collective.com/contact-us/> (referer: https://www.google.com/)
[2026-05-05 22:32:12] INFO: Fetched (200) <GET https://kilo-collective.com/about/> (referer: https://www.google.com/)
[2026-05-05 22:32:13] INFO: Fetched (404) <GET https://kilo-collective.com/reservations> (referer: https://www.google.com/)
[2026-05-05 22:32:14] INFO: Fetched (200) <GET https://kilo-collective.com/contact/> (referer: https://www.google.com/)
[2026-05-05 22:32:16] INFO: Fetched (200) <GET https://www.facebook.com/people/1030-Bar-Bistro-%E5%A3%B9%E9%9B%B6%E5%8F%81%E9%9B%B6/100075938920772/> (referer: https://www.google.com/)
[2026-05-05 22:32:18] INFO: Fetched (200) <GET https://www.facebook.com/contact> (referer: https://www.google.com/)
[2026-05-05 22:32:19] INFO: Fetched (200) <GET https://www.facebook.com/contactus/> (referer: https://www.google.com/)
[2026-05-05 22:32:19] INFO: Fetched (200) <GET https://www.facebook.com/contact/> (referer: https://www.google.com/)
[2026-05-05 22:32:20] INFO: Fetched (200) <GET https://www.facebook.com/contactus/> (referer: https://www.google.com/)
[2026-05-05 22:32:24] INFO: Fetched (200) <GET https://www.meta.com/en-gb/about/?utm_source=about.facebook.com&utm_medium=redirect> (referer: https://www.google.com/)
[2026-05-05 22:32:24] INFO: Fetched (200) <GET https://www.facebook.com/reservations> (referer: https://www.google.com/)
[2026-05-05 22:32:26] INFO: Fetched (200) <GET https://voltabistro.com/> (referer: https://www.google.com/)
  [120/143]
[2026-05-05 22:32:28] INFO: Fetched (200) <GET https://www.hjbistro.sg/> (referer: https://www.google.com/)
[2026-05-05 22:32:30] INFO: Fetched (200) <GET https://www.hjbistro.sg/contact> (referer: https://www.google.com/)
[2026-05-05 22:32:31] INFO: Fetched (200) <GET https://www.imperiumgroup.asia/> (referer: https://www.google.com/)
[2026-05-05 22:32:31] INFO: Fetched (200) <GET https://buzz.fnbees.com/SG/en-US/restaurant/ubar-thai-bistro/A8bqINDRFnh9Bg4EqOkZ/dine-in/ja4djUj6ZvmszXzCv28Q/KxTVsnLFW4RGAOljD0p7> (referer: https://www.google.com/)
[2026-05-05 22:32:32] INFO: Fetched (200) <GET https://buzz.fnbees.com/contact> (referer: https://www.google.com/)
[2026-05-05 22:32:32] INFO: Fetched (200) <GET https://buzz.fnbees.com/contact-us> (referer: https://www.google.com/)
[2026-05-05 22:32:33] INFO: Fetched (200) <GET https://buzz.fnbees.com/contact/> (referer: https://www.google.com/)
[2026-05-05 22:32:33] INFO: Fetched (200) <GET https://buzz.fnbees.com/contact-us/> (referer: https://www.google.com/)
[2026-05-05 22:32:34] INFO: Fetched (200) <GET https://buzz.fnbees.com/about> (referer: https://www.google.com/)
[2026-05-05 22:32:34] INFO: Fetched (200) <GET https://buzz.fnbees.com/reservations> (referer: https://www.google.com/)
[2026-05-05 22:32:34] INFO: Fetched (200) <GET https://www.facebook.com/FrienzieSG/> (referer: https://www.google.com/)
[2026-05-05 22:32:35] INFO: Fetched (200) <GET https://www.facebook.com/contact> (referer: https://www.google.com/)
[2026-05-05 22:32:36] INFO: Fetched (200) <GET https://www.facebook.com/contactus/> (referer: https://www.google.com/)
[2026-05-05 22:32:37] INFO: Fetched (200) <GET https://www.facebook.com/contact/> (referer: https://www.google.com/)
[2026-05-05 22:32:38] INFO: Fetched (200) <GET https://www.facebook.com/contactus/> (referer: https://www.google.com/)
[2026-05-05 22:32:42] INFO: Fetched (200) <GET https://www.meta.com/en-gb/about/?utm_source=about.facebook.com&utm_medium=redirect> (referer: https://www.google.com/)
[2026-05-05 22:32:42] INFO: Fetched (200) <GET https://www.facebook.com/reservations> (referer: https://www.google.com/)
[2026-05-05 22:32:43] INFO: Fetched (200) <GET https://www.cafedemusesg.com/> (referer: https://www.google.com/)
[2026-05-05 22:32:44] INFO: Fetched (200) <GET http://ayzasrestaurantpteltd.com/> (referer: https://www.google.com/)
[2026-05-05 22:32:44] INFO: Fetched (200) <GET http://www.charlies.com.sg/> (referer: https://www.google.com/)
[2026-05-05 22:32:44] INFO: Fetched (404) <GET http://www.charlies.com.sg/contact> (referer: https://www.google.com/)
[2026-05-05 22:32:44] INFO: Fetched (404) <GET http://www.charlies.com.sg/contact-us> (referer: https://www.google.com/)
[2026-05-05 22:32:44] INFO: Fetched (404) <GET http://www.charlies.com.sg/contact/> (referer: https://www.google.com/)
[2026-05-05 22:32:44] INFO: Fetched (404) <GET http://www.charlies.com.sg/contact-us/> (referer: https://www.google.com/)
[2026-05-05 22:32:45] INFO: Fetched (404) <GET http://www.charlies.com.sg/about> (referer: https://www.google.com/)
[2026-05-05 22:32:45] INFO: Fetched (404) <GET http://www.charlies.com.sg/reservations> (referer: https://www.google.com/)
[2026-05-05 22:32:45] INFO: Fetched (200) <GET https://www.copperchimney.com.sg/> (referer: https://www.google.com/)
[2026-05-05 22:32:46] INFO: Fetched (404) <GET https://www.copperchimney.com.sg/contact> (referer: https://www.google.com/)
[2026-05-05 22:32:47] INFO: Fetched (200) <GET https://www.copperchimney.com.sg/contactus> (referer: https://www.google.com/)
  [130/143]
[2026-05-05 22:32:47] INFO: Fetched (200) <GET https://www.delifrance.com.sg/> (referer: https://www.google.com/)
[2026-05-05 22:32:47] INFO: Fetched (200) <GET https://lazylizard.com.sg/> (referer: https://www.google.com/)
[2026-05-05 22:32:48] INFO: Fetched (404) <GET https://lazylizard.com.sg/contact/> (referer: https://www.google.com/)
[2026-05-05 22:32:48] INFO: Fetched (404) <GET https://lazylizard.com.sg/contact-us/> (referer: https://www.google.com/)
[2026-05-05 22:32:48] INFO: Fetched (404) <GET https://lazylizard.com.sg/contact/> (referer: https://www.google.com/)
[2026-05-05 22:32:48] INFO: Fetched (404) <GET https://lazylizard.com.sg/contact-us/> (referer: https://www.google.com/)
[2026-05-05 22:32:48] INFO: Fetched (404) <GET https://lazylizard.com.sg/about/> (referer: https://www.google.com/)
[2026-05-05 22:32:49] INFO: Fetched (404) <GET https://lazylizard.com.sg/reservations/> (referer: https://www.google.com/)
[2026-05-05 22:32:51] INFO: Fetched (200) <GET https://www.chope.co/singapore-restaurants/restaurant/barrels-britishindian-pub-balmoral-plaza?rwg_token=ACgRB3dOAt_3_Xt4SPf9HzaBWqlbcL_vfSrLn4K-sUmo_VaX8gx86YiWW7SIi5w9c43pPsLblEZJdDal7r4lhJGzahvzUEC4hV-kIxjARm71LK6OSPKhhks%3D> (referer: https://www.google.com/)
[2026-05-05 22:32:51] INFO: Fetched (404) <GET https://www.chope.co/contact> (referer: https://www.google.com/)
[2026-05-05 22:32:51] INFO: Fetched (404) <GET https://www.chope.co/contact-us> (referer: https://www.google.com/)
[2026-05-05 22:32:51] INFO: Fetched (404) <GET https://www.chope.co/contact/> (referer: https://www.google.com/)
[2026-05-05 22:32:51] INFO: Fetched (404) <GET https://www.chope.co/contact-us/> (referer: https://www.google.com/)
[2026-05-05 22:32:51] INFO: Fetched (200) <GET https://www.chope.co/about> (referer: https://www.google.com/)
[2026-05-05 22:32:51] INFO: Fetched (404) <GET https://www.chope.co/reservations> (referer: https://www.google.com/)
[2026-05-05 22:32:52] INFO: Fetched (200) <GET https://www.nksrestaurant.com/> (referer: https://www.google.com/)
[2026-05-05 22:33:02] WARNING: Attempt 1 failed: Failed to perform, curl: (47) Maximum (30) redirects followed. See https://curl.se/libcurl/c/libcurl-errors.html first for more details.. Retrying in 1 seconds...
[2026-05-05 22:33:11] WARNING: Attempt 2 failed: Failed to perform, curl: (47) Maximum (30) redirects followed. See https://curl.se/libcurl/c/libcurl-errors.html first for more details.. Retrying in 1 seconds...
[2026-05-05 22:33:20] ERROR: Failed after 3 attempts: Failed to perform, curl: (47) Maximum (30) redirects followed. See https://curl.se/libcurl/c/libcurl-errors.html first for more details.
[2026-05-05 22:33:28] WARNING: Attempt 1 failed: Failed to perform, curl: (47) Maximum (30) redirects followed. See https://curl.se/libcurl/c/libcurl-errors.html first for more details.. Retrying in 1 seconds...
[2026-05-05 22:33:36] WARNING: Attempt 2 failed: Failed to perform, curl: (47) Maximum (30) redirects followed. See https://curl.se/libcurl/c/libcurl-errors.html first for more details.. Retrying in 1 seconds...
[2026-05-05 22:33:46] ERROR: Failed after 3 attempts: Failed to perform, curl: (47) Maximum (30) redirects followed. See https://curl.se/libcurl/c/libcurl-errors.html first for more details.
[2026-05-05 22:33:54] WARNING: Attempt 1 failed: Failed to perform, curl: (47) Maximum (30) redirects followed. See https://curl.se/libcurl/c/libcurl-errors.html first for more details.. Retrying in 1 seconds...
[2026-05-05 22:34:03] WARNING: Attempt 2 failed: Failed to perform, curl: (47) Maximum (30) redirects followed. See https://curl.se/libcurl/c/libcurl-errors.html first for more details.. Retrying in 1 seconds...
[2026-05-05 22:34:13] ERROR: Failed after 3 attempts: Failed to perform, curl: (47) Maximum (30) redirects followed. See https://curl.se/libcurl/c/libcurl-errors.html first for more details.
[2026-05-05 22:34:21] WARNING: Attempt 1 failed: Failed to perform, curl: (47) Maximum (30) redirects followed. See https://curl.se/libcurl/c/libcurl-errors.html first for more details.. Retrying in 1 seconds...
[2026-05-05 22:34:30] WARNING: Attempt 2 failed: Failed to perform, curl: (47) Maximum (30) redirects followed. See https://curl.se/libcurl/c/libcurl-errors.html first for more details.. Retrying in 1 seconds...
[2026-05-05 22:34:39] ERROR: Failed after 3 attempts: Failed to perform, curl: (47) Maximum (30) redirects followed. See https://curl.se/libcurl/c/libcurl-errors.html first for more details.
[2026-05-05 22:34:48] WARNING: Attempt 1 failed: Failed to perform, curl: (47) Maximum (30) redirects followed. See https://curl.se/libcurl/c/libcurl-errors.html first for more details.. Retrying in 1 seconds...
[2026-05-05 22:34:57] WARNING: Attempt 2 failed: Failed to perform, curl: (47) Maximum (30) redirects followed. See https://curl.se/libcurl/c/libcurl-errors.html first for more details.. Retrying in 1 seconds...
[2026-05-05 22:35:06] ERROR: Failed after 3 attempts: Failed to perform, curl: (47) Maximum (30) redirects followed. See https://curl.se/libcurl/c/libcurl-errors.html first for more details.
[2026-05-05 22:35:15] WARNING: Attempt 1 failed: Failed to perform, curl: (47) Maximum (30) redirects followed. See https://curl.se/libcurl/c/libcurl-errors.html first for more details.. Retrying in 1 seconds...
[2026-05-05 22:35:25] WARNING: Attempt 2 failed: Failed to perform, curl: (47) Maximum (30) redirects followed. See https://curl.se/libcurl/c/libcurl-errors.html first for more details.. Retrying in 1 seconds...
[2026-05-05 22:35:34] ERROR: Failed after 3 attempts: Failed to perform, curl: (47) Maximum (30) redirects followed. See https://curl.se/libcurl/c/libcurl-errors.html first for more details.
[2026-05-05 22:35:34] INFO: Fetched (404) <GET https://www.rasarasa.sg/> (referer: https://www.google.com/)
[2026-05-05 22:35:34] INFO: Fetched (404) <GET https://www.rasarasa.sg/contact> (referer: https://www.google.com/)
[2026-05-05 22:35:35] INFO: Fetched (404) <GET https://www.rasarasa.sg/contact-us> (referer: https://www.google.com/)
[2026-05-05 22:35:35] INFO: Fetched (404) <GET https://www.rasarasa.sg/contact/> (referer: https://www.google.com/)
[2026-05-05 22:35:35] INFO: Fetched (404) <GET https://www.rasarasa.sg/contact-us/> (referer: https://www.google.com/)
[2026-05-05 22:35:36] INFO: Fetched (404) <GET https://www.rasarasa.sg/about> (referer: https://www.google.com/)
[2026-05-05 22:35:36] INFO: Fetched (404) <GET https://www.rasarasa.sg/reservations> (referer: https://www.google.com/)
[2026-05-05 22:35:37] INFO: Fetched (200) <GET https://www.mcdonalds.com.sg/> (referer: https://www.google.com/)
[2026-05-05 22:35:37] INFO: Fetched (404) <GET https://www.mcdonalds.com.sg/contact> (referer: https://www.google.com/)
[2026-05-05 22:35:38] INFO: Fetched (200) <GET https://www.mcdonalds.com.sg/contact-us> (referer: https://www.google.com/)
[2026-05-05 22:35:38] INFO: Fetched (404) <GET https://www.mcdonalds.com.sg/contact/> (referer: https://www.google.com/)
[2026-05-05 22:35:39] INFO: Fetched (200) <GET https://www.mcdonalds.com.sg/contact-us/> (referer: https://www.google.com/)
[2026-05-05 22:35:39] INFO: Fetched (404) <GET https://www.mcdonalds.com.sg/about> (referer: https://www.google.com/)
[2026-05-05 22:35:40] INFO: Fetched (404) <GET https://www.mcdonalds.com.sg/reservations> (referer: https://www.google.com/)
  [140/143]
[2026-05-05 22:35:41] INFO: Fetched (200) <GET https://www.6ix6ix.com.sg/> (referer: https://www.google.com/)
[2026-05-05 22:35:42] INFO: Fetched (404) <GET https://www.6ix6ix.com.sg/contact> (referer: https://www.google.com/)
[2026-05-05 22:35:43] INFO: Fetched (404) <GET https://www.6ix6ix.com.sg/contact-us> (referer: https://www.google.com/)
[2026-05-05 22:35:46] INFO: Fetched (404) <GET https://www.6ix6ix.com.sg/contact> (referer: https://www.google.com/)
[2026-05-05 22:35:47] INFO: Fetched (404) <GET https://www.6ix6ix.com.sg/contact-us> (referer: https://www.google.com/)
[2026-05-05 22:35:50] INFO: Fetched (404) <GET https://www.6ix6ix.com.sg/about> (referer: https://www.google.com/)
[2026-05-05 22:35:51] INFO: Fetched (404) <GET https://www.6ix6ix.com.sg/reservations> (referer: https://www.google.com/)
Wrote /Users/khalid/Documents/GitHub/Scrapling/latenight_sg_output/places.csv (143 rows, 64 with email)
