Discovering groups across all categories…
  registered-contractors/construction: 2 group(s)
  registered-contractors/construction-related: 19 group(s)
  registered-contractors/mechanical-electrical: 14 group(s)
  registered-contractors/regulatory: 7 group(s)
  registered-contractors/trade: 10 group(s)
  licensed-builders/general-builder: 2 group(s)
  licensed-builders/specialist-builder: 7 group(s)
  fm-registry/facilities-management: 1 group(s)
  fm-registry/housekeeping-cleansing-desilting-conservancy-service: 1 group(s)
  fm-registry/landscaping: 1 group(s)
  fm-registry/pest-control: 1 group(s)
  suppliers-registry/supply: 14 group(s)
Total groups: 79
[1/79]
  [registered-contractors/construction] CW01 General Building (All)
    page 1/174  +12
    page 25/174  total 300
    page 50/174  total 600
    page 75/174  total 900
    page 100/174  total 1200
    page 125/174  total 1500
    page 150/174  total 1800
    page 174/174  total 2082
[2/79]
  [registered-contractors/construction] CW02 Civil Engineering  (All)
    page 1/79  +12
    page 25/79  total 300
    page 50/79  total 600
    page 75/79  total 900
    page 79/79  total 937
[3/79]
  [registered-contractors/construction-related] CR01 Minor Construction Works (Single Grade)
    page 1/198  +12
    page 25/198  total 300
    page 50/198  total 600
    page 75/198  total 900
    page 100/198  total 1200
    page 125/198  total 1500
    page 150/198  total 1800
    page 175/198  total 2100
    page 198/198  total 2375
[4/79]
  [registered-contractors/construction-related] CR02 Corrosion Protection (All)
    page 1/4  +12
    page 4/4  total 45
[5/79]
  [registered-contractors/construction-related] CR03 Demolition (Single Grade)
    page 1/38  +12
    page 25/38  total 300
    page 38/38  total 446
[6/79]
  [registered-contractors/construction-related] CR04 Fencing & Ironworks (All)
    page 1/6  +12
    page 6/6  total 71
[7/79]
  [registered-contractors/construction-related] CR05 Concrete Repairs (All)
    page 1/10  +12
    page 10/10  total 109
[8/79]
  [registered-contractors/construction-related] CR06 Interior Decoration & Finishing Works (All)
    page 1/335  +12
    page 25/335  total 300
    page 50/335  total 600
    page 75/335  total 900
    page 100/335  total 1200
    page 125/335  total 1500
    page 150/335  total 1800
    page 175/335  total 2100
    page 200/335  total 2400
    page 225/335  total 2700
    page 250/335  total 3000
    page 275/335  total 3300
    page 300/335  total 3600
    page 325/335  total 3900
    page 335/335  total 4016
[9/79]
  [registered-contractors/construction-related] CR07 Cable / Pipe Laying & Road Reinstatement (All)
    page 1/44  +12
    page 25/44  total 300
    page 44/44  total 519
[10/79]
  [registered-contractors/construction-related] CR08 Piling Works (All)
    page 1/11  +12
    page 11/11  total 124
[11/79]
  [registered-contractors/construction-related] CR09 Repairs & Redecoration (All)
    page 1/54  +12
    page 25/54  total 300
    page 50/54  total 600
    page 54/54  total 644
[12/79]
  [registered-contractors/construction-related] CR10A Automated Precast Concrete Production (Single Grade)
    page 1/1  +8
[13/79]
  [registered-contractors/construction-related] CR10B Precast Concrete Production (All)
    page 1/5  +12
    page 5/5  total 50
[14/79]
  [registered-contractors/construction-related] CR11 Signcraft Installation (All)
    page 1/10  +12
    page 10/10  total 112
[15/79]
  [registered-contractors/construction-related] CR12 Ground Support & Stabilisation Works (All)
    page 1/6  +12
    page 6/6  total 65
[16/79]
  [registered-contractors/construction-related] CR13 Waterproofing Installation (All)
    page 1/36  +12
    page 25/36  total 300
    page 36/36  total 424
[17/79]
  [registered-contractors/construction-related] CR14 Asphalt Works & Road Marking (All)
    page 1/7  +12
    page 7/7  total 82
[18/79]
  [registered-contractors/construction-related] CR15 Site Investigation, Instrumentation and Monitoring Works (Single Grade)
    page 1/5  +12
    page 5/5  total 56
[19/79]
  [registered-contractors/construction-related] CR16 Curtain Walls (All)
    page 1/26  +12
    page 25/26  total 300
    page 26/26  total 304
[20/79]
  [registered-contractors/construction-related] CR17 Windows (Single Grade)
    page 1/5  +12
    page 5/5  total 55
[21/79]
  [registered-contractors/construction-related] CR18 Doors (Single Grade)
    page 1/23  +12
    page 23/23  total 270
[22/79]
  [registered-contractors/mechanical-electrical] ME01 Air-Conditioning, Refrigeration & Ventilation Works (All)
    page 1/154  +12
    page 25/154  total 300
    page 50/154  total 600
    page 75/154  total 900
    page 100/154  total 1200
    page 125/154  total 1500
    page 150/154  total 1800
    page 154/154  total 1837
[23/79]
  [registered-contractors/mechanical-electrical] ME02 Building Automation, Industrial & Process Control Systems (All)
    page 1/35  +12
    page 25/35  total 300
    page 35/35  total 413
[24/79]
  [registered-contractors/mechanical-electrical] ME03 Solar PV System Integration (All)
    page 1/17  +12
    page 17/17  total 201
[25/79]
  [registered-contractors/mechanical-electrical] ME04 Communication & Security Systems (All)
    page 1/64  +12
    page 25/64  total 300
    page 50/64  total 600
    page 64/64  total 765
[26/79]
  [registered-contractors/mechanical-electrical] ME05 Electrical Engineering (All)
    page 1/228  +12
    page 25/228  total 300
    page 50/228  total 600
    page 75/228  total 900
    page 100/228  total 1200
    page 125/228  total 1500
    page 150/228  total 1800
    page 175/228  total 2100
    page 200/228  total 2400
    page 225/228  total 2700
    page 228/228  total 2736
[27/79]
  [registered-contractors/mechanical-electrical] ME06 Fire Prevention & Protection Systems (All)
    page 1/64  +12
    page 25/64  total 300
    page 50/64  total 600
    page 64/64  total 763
[28/79]
  [registered-contractors/mechanical-electrical] ME07 High & Low Tension Overhead Line Installation (All)
    page 1/2  +12
    page 2/2  total 17
[29/79]
  [registered-contractors/mechanical-electrical] ME08 Internal Telephone Wiring for Telecommunications (All)
    page 1/9  +12
    page 9/9  total 103
[30/79]
  [registered-contractors/mechanical-electrical] ME09 Lift & Escalator Installation (All)
    page 1/12  +12
    page 12/12  total 141
[31/79]
  [registered-contractors/mechanical-electrical] ME10 Line Plant Cabling / Wiring for Telecommunications (All)
    page 1/5  +12
    page 5/5  total 58
[32/79]
  [registered-contractors/mechanical-electrical] ME11 Mechanical Engineering (All)
    page 1/83  +12
    page 25/83  total 300
    page 50/83  total 600
    page 75/83  total 900
    page 83/83  total 996
[33/79]
  [registered-contractors/mechanical-electrical] ME12 Plumbing & Sanitary Works (All)
    page 1/37  +12
    page 25/37  total 300
    page 37/37  total 442
[34/79]
  [registered-contractors/mechanical-electrical] ME13 Traffic Light Systems (All)
    page 1/1  +12
[35/79]
  [registered-contractors/mechanical-electrical] ME15 Integrated Building Services (All)
    page 1/10  +12
    page 10/10  total 115
[36/79]
  [registered-contractors/regulatory] RW01 Window Contractors (Single Grade)
    page 1/24  +12
    page 24/24  total 280
[37/79]
  [registered-contractors/regulatory] RW02A Lift Installation Contractors (Single Grade)
    page 1/10  +12
    page 10/10  total 111
[38/79]
  [registered-contractors/regulatory] RW02B Lift Maintenance Contractors (All)
    page 1/11  +12
    page 11/11  total 121
[39/79]
  [registered-contractors/regulatory] RW03A Escalator Installation Contractors (Single Grade)
    page 1/6  +12
    page 6/6  total 71
[40/79]
  [registered-contractors/regulatory] RW03B Escalator Maintenance Contractors (Single Grade)
    page 1/7  +12
    page 7/7  total 73
[41/79]
  [registered-contractors/regulatory] RW04A MCPS Installation Contractors (Single Grade)
    page 1/2  +12
    page 2/2  total 20
[42/79]
  [registered-contractors/regulatory] RW04B MCPS Maintenance Contractors (Single Grade)
    page 1/2  +12
    page 2/2  total 21
[43/79]
  [registered-contractors/trade] TR01 Formwork (Single Grade)
    page 1/17  +12
    page 17/17  total 203
[44/79]
  [registered-contractors/trade] TR02 Steel Reinforcement Work (Single Grade)
    page 1/10  +12
    page 10/10  total 120
[45/79]
  [registered-contractors/trade] TR03 Concreting Work (Single Grade)
    page 1/6  +12
    page 6/6  total 63
[46/79]
  [registered-contractors/trade] TR04 Drywall Installation (Single Grade)
    page 1/6  +12
    page 6/6  total 63
[47/79]
  [registered-contractors/trade] TR05 Pre-cast Installation (Single Grade)
    page 1/2  +12
    page 2/2  total 15
[48/79]
  [registered-contractors/trade] TR06 Ceiling Work (Single Grade)
    page 1/9  +12
    page 9/9  total 106
[49/79]
  [registered-contractors/trade] TR07 Tile/Marble/Stone Work (Single Grade)
    page 1/16  +12
    page 16/16  total 188
[50/79]
  [registered-contractors/trade] TR08 Timber, Vinyl and Laminate Flooring Works (Single Grade)
    page 1/6  +12
    page 6/6  total 70
[51/79]
  [registered-contractors/trade] TR09 Plastering/Skimming (Single Grade)
    page 1/9  +12
    page 9/9  total 107
[52/79]
  [registered-contractors/trade] TR10 Ironmongery & Metalwork (Single Grade)
    page 1/18  +12
    page 18/18  total 205
[53/79]
  [licensed-builders/general-builder] GB1 General Builder Class 1
    page 1/123  +12
    page 25/123  total 300
    page 50/123  total 600
    page 75/123  total 900
    page 100/123  total 1200
    page 123/123  total 1469
[54/79]
  [licensed-builders/general-builder] GB2 General Builder Class 2
    page 1/240  +12
    page 25/240  total 300
    page 50/240  total 600
    page 75/240  total 900
    page 100/240  total 1200
    page 125/240  total 1500
    page 150/240  total 1800
    page 175/240  total 2100
    page 200/240  total 2400
    page 225/240  total 2700
    page 240/240  total 2872
[55/79]
  [licensed-builders/specialist-builder] SB(GS) Specialist Builder (Ground Support and Stabilisation Works) 
    page 1/11  +12
    page 11/11  total 129
[56/79]
  [licensed-builders/specialist-builder] SB(IM) Specialist Builder (Instrumentation and Monitoring Work)
    page 1/4  +12
    page 4/4  total 37
[57/79]
  [licensed-builders/specialist-builder] SB(PC) Specialist Builder (Pre-cast Concrete Work)
    page 1/11  +12
    page 11/11  total 129
[58/79]
  [licensed-builders/specialist-builder] SB(PT) Specialist Builder (In-situ Post-tensioning Work)
    page 1/1  +12
[59/79]
  [licensed-builders/specialist-builder] SB(PW) Specialist Builder (Piling Works) 
    page 1/17  +12
    page 17/17  total 196
[60/79]
  [licensed-builders/specialist-builder] SB(SI) Specialist Builder (Site Investigation Work) 
    page 1/4  +12
    page 4/4  total 43
[61/79]
  [licensed-builders/specialist-builder] SB(SS) Specialist Builder (Structural Steelwork)
    page 1/32  +12
    page 25/32  total 300
    page 32/32  total 373
[62/79]
  [fm-registry/facilities-management] FM01 Facilities Management (All)
    page 1/9  +12
    page 9/9  total 104
[63/79]
  [fm-registry/housekeeping-cleansing-desilting-conservancy-service] FM02 Housekeeping, Cleansing, Desilting & Conservancy Service (All)
    page 1/42  +12
    page 25/42  total 300
    page 42/42  total 500
[64/79]
  [fm-registry/landscaping] FM03 Landscaping (All)
    page 1/24  +12
    page 24/24  total 282
[65/79]
  [fm-registry/pest-control] FM04 Pest Control (All)
    page 1/10  +12
    page 10/10  total 109
[66/79]
  [suppliers-registry/supply] SY01A Essential Construction Materials (All)
    page 1/2  +12
    page 2/2  total 16
[67/79]
  [suppliers-registry/supply] SY01B Ready-Mixed Concrete (All)
    page 1/2  +12
    page 2/2  total 14
[68/79]
  [suppliers-registry/supply] SY01C Other Basic Construction Materials (All)
    page 1/9  +12
    page 9/9  total 100
[69/79]
  [suppliers-registry/supply] SY02 Chemicals (All)
    page 1/6  +12
    page 6/6  total 64
[70/79]
  [suppliers-registry/supply] SY04 Electrical Equipment (All)
    page 1/5  +12
    page 5/5  total 59
[71/79]
  [suppliers-registry/supply] SY05 Electrical & Electronic Materials, Products & Components (All)
    page 1/29  +12
    page 25/29  total 300
    page 29/29  total 339
[72/79]
  [suppliers-registry/supply] SY06 Finishing & Building Products (All)
    page 1/9  +12
    page 9/9  total 106
[73/79]
  [suppliers-registry/supply] SY07 Gases (All)
    page 1/2  +12
    page 2/2  total 13
[74/79]
  [suppliers-registry/supply] SY08 Mechanical Equipment, Plant & Machinery (All)
    page 1/18  +12
    page 18/18  total 214
[75/79]
  [suppliers-registry/supply] SY09 Mechanical Materials Products & Components (All)
    page 1/9  +12
    page 9/9  total 103
[76/79]
  [suppliers-registry/supply] SY10 Metal & Timber Structures (All)
    page 1/7  +12
    page 7/7  total 84
[77/79]
  [suppliers-registry/supply] SY11 Petroleum Products  (All)
    page 1/2  +12
    page 2/2  total 18
[78/79]
  [suppliers-registry/supply] SY12 Pipes (All)
    page 1/3  +12
    page 3/3  total 35
[79/79]
  [suppliers-registry/supply] SY14 Sanitary Products (All)
    page 1/2  +12
    page 2/2  total 19

Wrote /Users/khalid/Documents/GitHub/Scrapling/bca_output/contractors.csv  (30669 listing rows)
Wrote /Users/khalid/Documents/GitHub/Scrapling/bca_output/contractors_unique.csv  (17440 unique companies)
Wrote /Users/khalid/Documents/GitHub/Scrapling/bca_output/contractors_full.json
